Component: ARM Compiler 5.06 update 7 (build 960) Tool: armlink [4d3601]

==============================================================================

Section Cross References

    startup_stm32f407xx.o(STACK) refers (Special) to heapauxi.o(.text) for __use_two_region_memory
    startup_stm32f407xx.o(HEAP) refers (Special) to heapauxi.o(.text) for __use_two_region_memory
    startup_stm32f407xx.o(RESET) refers (Special) to heapauxi.o(.text) for __use_two_region_memory
    startup_stm32f407xx.o(RESET) refers to startup_stm32f407xx.o(STACK) for __initial_sp
    startup_stm32f407xx.o(RESET) refers to startup_stm32f407xx.o(.text) for Reset_Handler
    startup_stm32f407xx.o(RESET) refers to stm32f4xx_it.o(i.NMI_Handler) for NMI_Handler
    startup_stm32f407xx.o(RESET) refers to stm32f4xx_it.o(i.HardFault_Handler) for HardFault_Handler
    startup_stm32f407xx.o(RESET) refers to stm32f4xx_it.o(i.MemManage_Handler) for MemManage_Handler
    startup_stm32f407xx.o(RESET) refers to stm32f4xx_it.o(i.BusFault_Handler) for BusFault_Handler
    startup_stm32f407xx.o(RESET) refers to stm32f4xx_it.o(i.UsageFault_Handler) for UsageFault_Handler
    startup_stm32f407xx.o(RESET) refers to port.o(.emb_text) for SVC_Handler
    startup_stm32f407xx.o(RESET) refers to stm32f4xx_it.o(i.DebugMon_Handler) for DebugMon_Handler
    startup_stm32f407xx.o(RESET) refers to stm32f4xx_it.o(i.SysTick_Handler) for SysTick_Handler
    startup_stm32f407xx.o(RESET) refers to stm32f4xx_it.o(i.EXTI0_IRQHandler) for EXTI0_IRQHandler
    startup_stm32f407xx.o(RESET) refers to stm32f4xx_it.o(i.EXTI3_IRQHandler) for EXTI3_IRQHandler
    startup_stm32f407xx.o(RESET) refers to stm32f4xx_it.o(i.EXTI4_IRQHandler) for EXTI4_IRQHandler
    startup_stm32f407xx.o(RESET) refers to stm32f4xx_it.o(i.DMA1_Stream1_IRQHandler) for DMA1_Stream1_IRQHandler
    startup_stm32f407xx.o(RESET) refers to stm32f4xx_it.o(i.CAN1_RX0_IRQHandler) for CAN1_RX0_IRQHandler
    startup_stm32f407xx.o(RESET) refers to stm32f4xx_it.o(i.EXTI9_5_IRQHandler) for EXTI9_5_IRQHandler
    startup_stm32f407xx.o(RESET) refers to remote_control.o(i.USART3_IRQHandler) for USART3_IRQHandler
    startup_stm32f407xx.o(RESET) refers to stm32f4xx_it.o(i.DMA2_Stream1_IRQHandler) for DMA2_Stream1_IRQHandler
    startup_stm32f407xx.o(RESET) refers to ins_task.o(i.DMA2_Stream2_IRQHandler) for DMA2_Stream2_IRQHandler
    startup_stm32f407xx.o(RESET) refers to stm32f4xx_it.o(i.CAN2_RX0_IRQHandler) for CAN2_RX0_IRQHandler
    startup_stm32f407xx.o(RESET) refers to communicate.o(i.USART6_IRQHandler) for USART6_IRQHandler
    startup_stm32f407xx.o(.text) refers (Special) to heapauxi.o(.text) for __use_two_region_memory
    startup_stm32f407xx.o(.text) refers to system_stm32f4xx.o(i.SystemInit) for SystemInit
    startup_stm32f407xx.o(.text) refers to __main.o(!!!main) for __main
    startup_stm32f407xx.o(.text) refers to startup_stm32f407xx.o(HEAP) for Heap_Mem
    startup_stm32f407xx.o(.text) refers to startup_stm32f407xx.o(STACK) for Stack_Mem
    main.o(i.SystemClock_Config) refers to rt_memclr_w.o(.text) for __aeabi_memclr4
    main.o(i.SystemClock_Config) refers to stm32f4xx_hal_rcc.o(i.HAL_RCC_OscConfig) for HAL_RCC_OscConfig
    main.o(i.SystemClock_Config) refers to stm32f4xx_hal_rcc.o(i.HAL_RCC_ClockConfig) for HAL_RCC_ClockConfig
    main.o(i.main) refers to stm32f4xx_hal.o(i.HAL_Init) for HAL_Init
    main.o(i.main) refers to main.o(i.SystemClock_Config) for SystemClock_Config
    main.o(i.main) refers to gpio.o(i.MX_GPIO_Init) for MX_GPIO_Init
    main.o(i.main) refers to dma.o(i.MX_DMA_Init) for MX_DMA_Init
    main.o(i.main) refers to spi.o(i.MX_SPI1_Init) for MX_SPI1_Init
    main.o(i.main) refers to tim.o(i.MX_TIM5_Init) for MX_TIM5_Init
    main.o(i.main) refers to i2c.o(i.MX_I2C3_Init) for MX_I2C3_Init
    main.o(i.main) refers to tim.o(i.MX_TIM10_Init) for MX_TIM10_Init
    main.o(i.main) refers to usart.o(i.MX_USART3_UART_Init) for MX_USART3_UART_Init
    main.o(i.main) refers to usart.o(i.MX_USART6_UART_Init) for MX_USART6_UART_Init
    main.o(i.main) refers to can.o(i.MX_CAN1_Init) for MX_CAN1_Init
    main.o(i.main) refers to can.o(i.MX_CAN2_Init) for MX_CAN2_Init
    main.o(i.main) refers to remote_control.o(i.remote_control_init) for remote_control_init
    main.o(i.main) refers to bsp_delay.o(i.delay_init) for delay_init
    main.o(i.main) refers to freertos.o(i.MX_FREERTOS_Init) for MX_FREERTOS_Init
    main.o(i.main) refers to cmsis_os.o(i.osKernelStart) for osKernelStart
    gpio.o(i.MX_GPIO_Init) refers to rt_memclr_w.o(.text) for __aeabi_memclr4
    gpio.o(i.MX_GPIO_Init) refers to stm32f4xx_hal_gpio.o(i.HAL_GPIO_WritePin) for HAL_GPIO_WritePin
    gpio.o(i.MX_GPIO_Init) refers to stm32f4xx_hal_gpio.o(i.HAL_GPIO_Init) for HAL_GPIO_Init
    gpio.o(i.MX_GPIO_Init) refers to stm32f4xx_hal_cortex.o(i.HAL_NVIC_SetPriority) for HAL_NVIC_SetPriority
    gpio.o(i.MX_GPIO_Init) refers to stm32f4xx_hal_cortex.o(i.HAL_NVIC_EnableIRQ) for HAL_NVIC_EnableIRQ
[...]
    __asm___6_port_c_39a90d8d__prvEnableVFP  0x080002b1   Thumb Code    16  port.o(.emb_text)
    PendSV_Handler                           0x080002c5   Thumb Code    88  port.o(.emb_text)
    vPortGetIPSR                             0x08000321   Thumb Code     6  port.o(.emb_text)
    Reset_Handler                            0x08000329   Thumb Code     8  startup_stm32f407xx.o(.text)
    ADC_IRQHandler                           0x08000343   Thumb Code     0  startup_stm32f407xx.o(.text)
    CAN1_RX1_IRQHandler                      0x08000343   Thumb Code     0  startup_stm32f407xx.o(.text)
    CAN1_SCE_IRQHandler                      0x08000343   Thumb Code     0  startup_stm32f407xx.o(.text)
    CAN1_TX_IRQHandler                       0x08000343   Thumb Code     0  startup_stm32f407xx.o(.text)
    CAN2_RX1_IRQHandler                      0x08000343   Thumb Code     0  startup_stm32f407xx.o(.text)
    CAN2_SCE_IRQHandler                      0x08000343   Thumb Code     0  startup_stm32f407xx.o(.text)
    CAN2_TX_IRQHandler                       0x08000343   Thumb Code     0  startup_stm32f407xx.o(.text)
    DCMI_IRQHandler                          0x08000343   Thumb Code     0  startup_stm32f407xx.o(.text)
    DMA1_Stream0_IRQHandler                  0x08000343   Thumb Code     0  startup_stm32f407xx.o(.text)
    DMA1_Stream2_IRQHandler                  0x08000343   Thumb Code     0  startup_stm32f407xx.o(.text)
    DMA1_Stream3_IRQHandler                  0x08000343   Thumb Code     0  startup_stm32f407xx.o(.text)
    DMA1_Stream4_IRQHandler                  0x08000343   Thumb Code     0  startup_stm32f407xx.o(.text)
    DMA1_Stream5_IRQHandler                  0x08000343   Thumb Code     0  startup_stm32f407xx.o(.text)
    DMA1_Stream6_IRQHandler                  0x08000343   Thumb Code     0  startup_stm32f407xx.o(.text)
    DMA1_Stream7_IRQHandler                  0x08000343   Thumb Code     0  startup_stm32f407xx.o(.text)
    DMA2_Stream0_IRQHandler                  0x08000343   Thumb Code     0  startup_stm32f407xx.o(.text)
    DMA2_Stream3_IRQHandler                  0x08000343   Thumb Code     0  startup_stm32f407xx.o(.text)
    DMA2_Stream4_IRQHandler                  0x08000343   Thumb Code     0  startup_stm32f407xx.o(.text)
    DMA2_Stream5_IRQHandler                  0x08000343   Thumb Code     0  startup_stm32f407xx.o(.text)
    DMA2_Stream6_IRQHandler                  0x08000343   Thumb Code     0  startup_stm32f407xx.o(.text)
    DMA2_Stream7_IRQHandler                  0x08000343   Thumb Code     0  startup_stm32f407xx.o(.text)
    ETH_IRQHandler                           0x08000343   Thumb Code     0  startup_stm32f407xx.o(.text)
    ETH_WKUP_IRQHandler                      0x08000343   Thumb Code     0  startup_stm32f407xx.o(.text)
    EXTI15_10_IRQHandler                     0x08000343   Thumb Code     0  startup_stm32f407xx.o(.text)
    EXTI1_IRQHandler                         0x08000343   Thumb Code     0  startup_stm32f407xx.o(.text)
    EXTI2_IRQHandler                         0x08000343   Thumb Code     0  startup_stm32f407xx.o(.text)
    FLASH_IRQHandler                         0x08000343   Thumb Code     0  startup_stm32f407xx.o(.text)
    FMC_IRQHandler                           0x08000343   Thumb Code     0  startup_stm32f407xx.o(.text)
    FPU_IRQHandler                           0x08000343   Thumb Code     0  startup_stm32f407xx.o(.text)
    HASH_RNG_IRQHandler                      0x08000343   Thumb Code     0  startup_stm32f407xx.o(.text)
    I2C1_ER_IRQHandler                       0x08000343   Thumb Code     0  startup_stm32f407xx.o(.text)
    I2C1_EV_IRQHandler                       0x08000343   Thumb Code     0  startup_stm32f407xx.o(.text)
    I2C2_ER_IRQHandler                       0x08000343   Thumb Code     0  startup_stm32f407xx.o(.text)
    I2C2_EV_IRQHandler                       0x08000343   Thumb Code     0  startup_stm32f407xx.o(.text)
    I2C3_ER_IRQHandler                       0x08000343   Thumb Code     0  startup_stm32f407xx.o(.text)
    I2C3_EV_IRQHandler                       0x08000343   Thumb Code     0  startup_stm32f407xx.o(.text)
    OTG_FS_IRQHandler                        0x08000343   Thumb Code     0  startup_stm32f407xx.o(.text)
    OTG_FS_WKUP_IRQHandler                   0x08000343   Thumb Code     0  startup_stm32f407xx.o(.text)
    OTG_HS_EP1_IN_IRQHandler                 0x08000343   Thumb Code     0  startup_stm32f407xx.o(.text)
    OTG_HS_EP1_OUT_IRQHandler                0x08000343   Thumb Code     0  startup_stm32f407xx.o(.text)
    OTG_HS_IRQHandler                        0x08000343   Thumb Code     0  startup_stm32f407xx.o(.text)
    OTG_HS_WKUP_IRQHandler                   0x08000343   Thumb Code     0  startup_stm32f407xx.o(.text)
    PVD_IRQHandler                           0x08000343   Thumb Code     0  startup_stm32f407xx.o(.text)
    RCC_IRQHandler                           0x08000343   Thumb Code     0  startup_stm32f407xx.o(.text)
    RTC_Alarm_IRQHandler                     0x08000343   Thumb Code     0  startup_stm32f407xx.o(.text)
    RTC_WKUP_IRQHandler                      0x08000343   Thumb Code     0  startup_stm32f407xx.o(.text)
    SDIO_IRQHandler                          0x08000343   Thumb Code     0  startup_stm32f407xx.o(.text)
    SPI1_IRQHandler                          0x08000343   Thumb Code     0  startup_stm32f407xx.o(.text)
    SPI2_IRQHandler                          0x08000343   Thumb Code     0  startup_stm32f407xx.o(.text)
    SPI3_IRQHandler                          0x08000343   Thumb Code     0  startup_stm32f407xx.o(.text)
    TAMP_STAMP_IRQHandler                    0x08000343   Thumb Code     0  startup_stm32f407xx.o(.text)
    TIM1_BRK_TIM9_IRQHandler                 0x08000343   Thumb Code     0  startup_stm32f407xx.o(.text)
    TIM1_CC_IRQHandler                       0x08000343   Thumb Code     0  startup_stm32f407xx.o(.text)
    TIM1_TRG_COM_TIM11_IRQHandler            0x08000343   Thumb Code     0  startup_stm32f407xx.o(.text)
    TIM1_UP_TIM10_IRQHandler                 0x08000343   Thumb Code     0  startup_stm32f407xx.o(.text)
    TIM2_IRQHandler                          0x08000343   Thumb Code     0  startup_stm32f407xx.o(.text)
    TIM3_IRQHandler                          0x08000343   Thumb Code     0  startup_stm32f407xx.o(.text)
    TIM4_IRQHandler                          0x08000343   Thumb Code     0  startup_stm32f407xx.o(.text)
    TIM5_IRQHandler                          0x08000343   Thumb Code     0  startup_stm32f407xx.o(.text)
    TIM6_DAC_IRQHandler                      0x08000343   Thumb Code     0  startup_stm32f407xx.o(.text)
    TIM7_IRQHandler                          0x08000343   Thumb Code     0  startup_stm32f407xx.o(.text)
    TIM8_BRK_TIM12_IRQHandler                0x08000343   Thumb Code     0  startup_stm32f407xx.o(.text)
    TIM8_CC_IRQHandler                       0x08000343   Thumb Code     0  startup_stm32f407xx.o(.text)
    TIM8_TRG_COM_TIM14_IRQHandler            0x08000343   Thumb Code     0  startup_stm32f407xx.o(.text)
    TIM8_UP_TIM13_IRQHandler                 0x08000343   Thumb Code     0  startup_stm32f407xx.o(.text)
    UART4_IRQHandler                         0x08000343   Thumb Code     0  startup_stm32f407xx.o(.text)
    UART5_IRQHandler                         0x08000343   Thumb Code     0  startup_stm32f407xx.o(.text)
    USART1_IRQHandler                        0x08000343   Thumb Code     0  startup_stm32f407xx.o(.text)
    USART2_IRQHandler                        0x08000343   Thumb Code     0  startup_stm32f407xx.o(.text)
    WWDG_IRQHandler                          0x08000343   Thumb Code     0  startup_stm32f407xx.o(.text)
    __user_initial_stackheap                 0x08000345   Thumb Code     0  startup_stm32f407xx.o(.text)
    __aeabi_uldivmod                         0x08000369   Thumb Code     0  lludivv7m.o(.text)
    _ll_udiv                                 0x08000369   Thumb Code   238  lludivv7m.o(.text)
    strlen                                   0x08000457   Thumb Code    62  strlen.o(.text)
    __aeabi_memcpy                           0x08000495   Thumb Code     0  rt_memcpy_v6.o(.text)
    __rt_memcpy                              0x08000495   Thumb Code   138  rt_memcpy_v6.o(.text)
    _memcpy_lastbytes                        0x080004fb   Thumb Code     0  rt_memcpy_v6.o(.text)
    __aeabi_memcpy4                          0x0800051f   Thumb Code     0  rt_memcpy_w.o(.text)
    __aeabi_memcpy8                          0x0800051f   Thumb Code     0  rt_memcpy_w.o(.text)
    __rt_memcpy_w                            0x0800051f   Thumb Code   100  rt_memcpy_w.o(.text)
    _memcpy_lastbytes_aligned                0x08000567   Thumb Code     0  rt_memcpy_w.o(.text)
    __aeabi_memset                           0x08000583   Thumb Code    16  aeabi_memset.o(.text)
    __aeabi_memclr4                          0x08000593   Thumb Code     0  rt_memclr_w.o(.text)
    __aeabi_memclr8                          0x08000593   Thumb Code     0  rt_memclr_w.o(.text)
    __rt_memclr_w                            0x08000593   Thumb Code    78  rt_memclr_w.o(.text)
    _memset_w                                0x08000597   Thumb Code     0  rt_memclr_w.o(.text)
    __use_two_region_memory                  0x080005e1   Thumb Code     2  heapauxi.o(.text)
    __rt_heap_escrow$2region                 0x080005e3   Thumb Code     2  heapauxi.o(.text)
    __rt_heap_expand$2region                 0x080005e5   Thumb Code     2  heapauxi.o(.text)
    __read_errno                             0x080005e7   Thumb Code    10  _rserrno.o(.text)
    __set_errno                              0x080005f1   Thumb Code    12  _rserrno.o(.text)
    __aeabi_memclr                           0x080005fd   Thumb Code     0  rt_memclr.o(.text)
    __rt_memclr                              0x080005fd   Thumb Code    68  rt_memclr.o(.text)
    _memset                                  0x08000601   Thumb Code     0  rt_memclr.o(.text)
    __aeabi_errno_addr                       0x08000641   Thumb Code     8  rt_errno_addr_intlibspace.o(.text)
    __errno$intlibspace                      0x08000641   Thumb Code     0  rt_errno_addr_intlibspace.o(.text)
    __rt_errno_addr$intlibspace              0x08000641   Thumb Code     0  rt_errno_addr_intlibspace.o(.text)
    __user_libspace                          0x08000649   Thumb Code     8  libspace.o(.text)
    __user_perproc_libspace                  0x08000649   Thumb Code     0  libspace.o(.text)
    __user_perthread_libspace                0x08000649   Thumb Code     0  libspace.o(.text)
    __user_setup_stackheap                   0x08000651   Thumb Code    74  sys_stackheap_outer.o(.text)
    exit                                     0x0800069b   Thumb Code    18  exit.o(.text)
    _sys_exit                                0x080006ad   Thumb Code     8  sys_exit.o(.text)
    __I$use$semihosting                      0x080006b9   Thumb Code     0  use_no_semi.o(.text)
    __use_no_semihosting_swi                 0x080006b9   Thumb Code     2  use_no_semi.o(.text)
    __semihosting_library_function           0x080006bb   Thumb Code     0  indicate_semi.o(.text)
    AHRS_init                                0x080006bd   Thumb Code    26  ins_task.o(i.AHRS_init)
    AHRS_update                              0x080006dd   Thumb Code    16  ins_task.o(i.AHRS_update)
    BMI088_ACCEL_NS_H                        0x080006ed   Thumb Code    10  bmi088middleware.o(i.BMI088_ACCEL_NS_H)
    BMI088_ACCEL_NS_L                        0x080006fd   Thumb Code    10  bmi088middleware.o(i.BMI088_ACCEL_NS_L)
    BMI088_GPIO_init                         0x0800070d   Thumb Code     2  bmi088middleware.o(i.BMI088_GPIO_init)
    BMI088_GYRO_NS_H                         0x08000711   Thumb Code    10  bmi088middleware.o(i.BMI088_GYRO_NS_H)
    BMI088_GYRO_NS_L                         0x08000721   Thumb Code    10  bmi088middleware.o(i.BMI088_GYRO_NS_L)
    BMI088_accel_read_over                   0x08000731   Thumb Code   126  bmi088driver.o(i.BMI088_accel_read_over)
    BMI088_com_init                          0x080007b9   Thumb Code     2  bmi088middleware.o(i.BMI088_com_init)
    BMI088_delay_ms                          0x080007bb   Thumb Code     4  bmi088middleware.o(i.BMI088_delay_ms)
    BMI088_delay_us                          0x080007bf   Thumb Code     4  bmi088middleware.o(i.BMI088_delay_us)
    BMI088_gyro_read_over                    0x080007c5   Thumb Code    92  bmi088driver.o(i.BMI088_gyro_read_over)
    BMI088_init                              0x08000825   Thumb Code    46  bmi088driver.o(i.BMI088_init)
    BMI088_read                              0x08000855   Thumb Code   340  bmi088driver.o(i.BMI088_read)
    BMI088_read_write_byte                   0x080009e9   Thumb Code    28  bmi088middleware.o(i.BMI088_read_write_byte)
    BMI088_temperature_read_over             0x08000a09   Thumb Code    46  bmi088driver.o(i.BMI088_temperature_read_over)
    BusFault_Handler                         0x08000a49   Thumb Code     2  stm32f4xx_it.o(i.BusFault_Handler)
    CAN1_RX0_IRQHandler                      0x08000a4d   Thumb Code     6  stm32f4xx_it.o(i.CAN1_RX0_IRQHandler)
    CAN2_RX0_IRQHandler                      0x08000a59   Thumb Code     6  stm32f4xx_it.o(i.CAN2_RX0_IRQHandler)
    Can_receive_init                         0x08000a65   Thumb Code     4  can_receive.o(i.Can_receive_init)
    DMA1_Stream1_IRQHandler                  0x08000a69   Thumb Code     6  stm32f4xx_it.o(i.DMA1_Stream1_IRQHandler)
    DMA2_Stream1_IRQHandler                  0x08000a75   Thumb Code     6  stm32f4xx_it.o(i.DMA2_Stream1_IRQHandler)
    DMA2_Stream2_IRQHandler                  0x08000a81   Thumb Code   690  ins_task.o(i.DMA2_Stream2_IRQHandler)
    DebugMon_Handler                         0x08000dd1   Thumb Code     2  stm32f4xx_it.o(i.DebugMon_Handler)
    EXTI0_IRQHandler                         0x08000dd3   Thumb Code     6  stm32f4xx_it.o(i.EXTI0_IRQHandler)
    EXTI3_IRQHandler                         0x08000dd9   Thumb Code     6  stm32f4xx_it.o(i.EXTI3_IRQHandler)
    EXTI4_IRQHandler                         0x08000ddf   Thumb Code     6  stm32f4xx_it.o(i.EXTI4_IRQHandler)
    EXTI9_5_IRQHandler                       0x08000de5   Thumb Code     6  stm32f4xx_it.o(i.EXTI9_5_IRQHandler)
    Error_Handler                            0x08000deb   Thumb Code     2  main.o(i.Error_Handler)
    HAL_CAN_ActivateNotification             0x08000ded   Thumb Code    36  stm32f4xx_hal_can.o(i.HAL_CAN_ActivateNotification)
    HAL_CAN_ConfigFilter                     0x08000e11   Thumb Code   262  stm32f4xx_hal_can.o(i.HAL_CAN_ConfigFilter)
    HAL_CAN_ErrorCallback                    0x08000f1d   Thumb Code     2  stm32f4xx_hal_can.o(i.HAL_CAN_ErrorCallback)
    HAL_CAN_GetRxMessage                     0x08000f1f   Thumb Code   232  stm32f4xx_hal_can.o(i.HAL_CAN_GetRxMessage)
    HAL_CAN_IRQHandler                       0x08001007   Thumb Code   508  stm32f4xx_hal_can.o(i.HAL_CAN_IRQHandler)
    HAL_CAN_Init                             0x08001203   Thumb Code   282  stm32f4xx_hal_can.o(i.HAL_CAN_Init)
    HAL_CAN_MspInit                          0x0800131d   Thumb Code   226  can.o(i.HAL_CAN_MspInit)
    HAL_CAN_RxFifo0FullCallback              0x08001419   Thumb Code     2  stm32f4xx_hal_can.o(i.HAL_CAN_RxFifo0FullCallback)
    HAL_CAN_RxFifo0MsgPendingCallback        0x0800141d   Thumb Code   180  communicate.o(i.HAL_CAN_RxFifo0MsgPendingCallback)
    HAL_CAN_RxFifo1FullCallback              0x080014e5   Thumb Code     2  stm32f4xx_hal_can.o(i.HAL_CAN_RxFifo1FullCallback)
    HAL_CAN_RxFifo1MsgPendingCallback        0x080014e7   Thumb Code     2  stm32f4xx_hal_can.o(i.HAL_CAN_RxFifo1MsgPendingCallback)
    HAL_CAN_SleepCallback                    0x080014e9   Thumb Code     2  stm32f4xx_hal_can.o(i.HAL_CAN_SleepCallback)
    HAL_CAN_Start                            0x080014ed   Thumb Code    88  stm32f4xx_hal_can.o(i.HAL_CAN_Start)
    HAL_CAN_TxMailbox0AbortCallback          0x08001545   Thumb Code     2  stm32f4xx_hal_can.o(i.HAL_CAN_TxMailbox0AbortCallback)
    HAL_CAN_TxMailbox0CompleteCallback       0x08001547   Thumb Code     2  stm32f4xx_hal_can.o(i.HAL_CAN_TxMailbox0CompleteCallback)
    HAL_CAN_TxMailbox1AbortCallback          0x08001549   Thumb Code     2  stm32f4xx_hal_can.o(i.HAL_CAN_TxMailbox1AbortCallback)
    HAL_CAN_TxMailbox1CompleteCallback       0x0800154b   Thumb Code     2  stm32f4xx_hal_can.o(i.HAL_CAN_TxMailbox1CompleteCallback)
    HAL_CAN_TxMailbox2AbortCallback          0x0800154d   Thumb Code     2  stm32f4xx_hal_can.o(i.HAL_CAN_TxMailbox2AbortCallback)
    HAL_CAN_TxMailbox2CompleteCallback       0x0800154f   Thumb Code     2  stm32f4xx_hal_can.o(i.HAL_CAN_TxMailbox2CompleteCallback)
    HAL_CAN_WakeUpFromRxMsgCallback          0x08001551   Thumb Code     2  stm32f4xx_hal_can.o(i.HAL_CAN_WakeUpFromRxMsgCallback)
    HAL_DMA_IRQHandler                       0x08001555   Thumb Code   412  stm32f4xx_hal_dma.o(i.HAL_DMA_IRQHandler)
    HAL_DMA_Init                             0x080016f5   Thumb Code   206  stm32f4xx_hal_dma.o(i.HAL_DMA_Init)
    HAL_GPIO_EXTI_Callback                   0x080017c9   Thumb Code   146  ins_task.o(i.HAL_GPIO_EXTI_Callback)
    HAL_GPIO_EXTI_IRQHandler                 0x08001869   Thumb Code    18  stm32f4xx_hal_gpio.o(i.HAL_GPIO_EXTI_IRQHandler)
    HAL_GPIO_Init                            0x08001881   Thumb Code   388  stm32f4xx_hal_gpio.o(i.HAL_GPIO_Init)
    HAL_GPIO_WritePin                        0x08001a31   Thumb Code    10  stm32f4xx_hal_gpio.o(i.HAL_GPIO_WritePin)
    HAL_GetTick                              0x08001a3d   Thumb Code     6  stm32f4xx_hal.o(i.HAL_GetTick)
    HAL_I2C_Init                             0x08001a49   Thumb Code   356  stm32f4xx_hal_i2c.o(i.HAL_I2C_Init)
    HAL_I2C_Mem_Read                         0x08001bbd   Thumb Code   490  stm32f4xx_hal_i2c.o(i.HAL_I2C_Mem_Read)
    HAL_I2C_Mem_Write                        0x08001db5   Thumb Code   294  stm32f4xx_hal_i2c.o(i.HAL_I2C_Mem_Write)
    HAL_I2C_MspInit                          0x08001ee5   Thumb Code   118  i2c.o(i.HAL_I2C_MspInit)
    HAL_IncTick                              0x08001f6d   Thumb Code    12  stm32f4xx_hal.o(i.HAL_IncTick)
    HAL_Init                                 0x08001f7d   Thumb Code    48  stm32f4xx_hal.o(i.HAL_Init)
    HAL_InitTick                             0x08001fb1   Thumb Code    54  stm32f4xx_hal.o(i.HAL_InitTick)
    HAL_MspInit                              0x08001ff1   Thumb Code    52  stm32f4xx_hal_msp.o(i.HAL_MspInit)
    HAL_NVIC_EnableIRQ                       0x08002029   Thumb Code    26  stm32f4xx_hal_cortex.o(i.HAL_NVIC_EnableIRQ)
    HAL_NVIC_SetPriority                     0x08002045   Thumb Code    60  stm32f4xx_hal_cortex.o(i.HAL_NVIC_SetPriority)
    HAL_NVIC_SetPriorityGrouping             0x08002085   Thumb Code    26  stm32f4xx_hal_cortex.o(i.HAL_NVIC_SetPriorityGrouping)
    HAL_RCC_ClockConfig                      0x080020a9   Thumb Code   286  stm32f4xx_hal_rcc.o(i.HAL_RCC_ClockConfig)
    HAL_RCC_GetPCLK1Freq                     0x080021d9   Thumb Code    20  stm32f4xx_hal_rcc.o(i.HAL_RCC_GetPCLK1Freq)
    HAL_RCC_GetPCLK2Freq                     0x080021f9   Thumb Code    20  stm32f4xx_hal_rcc.o(i.HAL_RCC_GetPCLK2Freq)
    HAL_RCC_GetSysClockFreq                  0x08002219   Thumb Code    88  stm32f4xx_hal_rcc.o(i.HAL_RCC_GetSysClockFreq)
    HAL_RCC_OscConfig                        0x0800227d   Thumb Code   770  stm32f4xx_hal_rcc.o(i.HAL_RCC_OscConfig)
    HAL_SPI_Init                             0x08002599   Thumb Code   128  stm32f4xx_hal_spi.o(i.HAL_SPI_Init)
    HAL_SPI_MspInit                          0x08002619   Thumb Code   226  spi.o(i.HAL_SPI_MspInit)
    HAL_SPI_TransmitReceive                  0x08002715   Thumb Code   482  stm32f4xx_hal_spi.o(i.HAL_SPI_TransmitReceive)
    HAL_SYSTICK_Config                       0x080028f7   Thumb Code    40  stm32f4xx_hal_cortex.o(i.HAL_SYSTICK_Config)
    HAL_TIMEx_MasterConfigSynchronization    0x0800291f   Thumb Code    66  stm32f4xx_hal_tim_ex.o(i.HAL_TIMEx_MasterConfigSynchronization)
    HAL_TIM_Base_Init                        0x08002961   Thumb Code    54  stm32f4xx_hal_tim.o(i.HAL_TIM_Base_Init)
    HAL_TIM_Base_MspInit                     0x08002999   Thumb Code    56  tim.o(i.HAL_TIM_Base_MspInit)
    HAL_TIM_ConfigClockSource                0x080029dd   Thumb Code   214  stm32f4xx_hal_tim.o(i.HAL_TIM_ConfigClockSource)
    HAL_TIM_MspPostInit                      0x08002ab5   Thumb Code   112  tim.o(i.HAL_TIM_MspPostInit)
    HAL_TIM_PWM_ConfigChannel                0x08002b39   Thumb Code   208  stm32f4xx_hal_tim.o(i.HAL_TIM_PWM_ConfigChannel)
    HAL_TIM_PWM_Init                         0x08002c09   Thumb Code    54  stm32f4xx_hal_tim.o(i.HAL_TIM_PWM_Init)
    HAL_TIM_PWM_MspInit                      0x08002c3f   Thumb Code     2  stm32f4xx_hal_tim.o(i.HAL_TIM_PWM_MspInit)
    HAL_UART_Init                            0x08002c41   Thumb Code    98  stm32f4xx_hal_uart.o(i.HAL_UART_Init)
    HAL_UART_MspInit                         0x08002ca5   Thumb Code   292  usart.o(i.HAL_UART_MspInit)
    HardFault_Handler                        0x08002de9   Thumb Code     2  stm32f4xx_it.o(i.HardFault_Handler)
    INS_task                                 0x08003191   Thumb Code   272  ins_task.o(i.INS_task)
    MC_init                                  0x080032bd   Thumb Code    84  mc.o(i.MC_init)
    MC_unpack                                0x0800331d   Thumb Code    68  modefine_control.o(i.MC_unpack)
    MX_CAN1_Init                             0x08003365   Thumb Code    60  can.o(i.MX_CAN1_Init)
    MX_CAN2_Init                             0x080033a9   Thumb Code    60  can.o(i.MX_CAN2_Init)
    MX_DMA_Init                              0x080033ed   Thumb Code   104  dma.o(i.MX_DMA_Init)
    MX_FREERTOS_Init                         0x08003459   Thumb Code    96  freertos.o(i.MX_FREERTOS_Init)
    MX_GPIO_Init                             0x080034c1   Thumb Code   326  gpio.o(i.MX_GPIO_Init)
    MX_I2C3_Init                             0x08003621   Thumb Code    50  i2c.o(i.MX_I2C3_Init)
    MX_SPI1_Init                             0x08003661   Thumb Code    64  spi.o(i.MX_SPI1_Init)
    MX_TIM10_Init                            0x080036a9   Thumb Code    92  tim.o(i.MX_TIM10_Init)
    MX_TIM5_Init                             0x0800370d   Thumb Code   174  tim.o(i.MX_TIM5_Init)
    MX_USART3_UART_Init                      0x080037c5   Thumb Code    50  usart.o(i.MX_USART3_UART_Init)
    MX_USART6_UART_Init                      0x08003805   Thumb Code    48  usart.o(i.MX_USART6_UART_Init)
    MahonyAHRSupdate                         0x0800383d   Thumb Code   834  mahonyahrs.o(i.MahonyAHRSupdate)
    MahonyAHRSupdateIMU                      0x08003b91   Thumb Code   466  mahonyahrs.o(i.MahonyAHRSupdateIMU)
    MemManage_Handler                        0x08003d75   Thumb Code     2  stm32f4xx_it.o(i.MemManage_Handler)
    NMI_Handler                              0x08003d77   Thumb Code     2  stm32f4xx_it.o(i.NMI_Handler)
    PID_calc                                 0x08003d79   Thumb Code   292  pid.o(i.PID_calc)
    PID_init                                 0x08003ea1   Thumb Code    88  pid.o(i.PID_init)
    RC_init                                  0x08003efd   Thumb Code    84  bsp_rc.o(i.RC_init)
    SPI1_DMA_enable                          0x08003f5d   Thumb Code  4706  bsp_spi.o(i.SPI1_DMA_enable)
    SPI1_DMA_init                            0x080051d1   Thumb Code   216  bsp_spi.o(i.SPI1_DMA_init)
    SysTick_Handler                          0x080053ad   Thumb Code    24  stm32f4xx_it.o(i.SysTick_Handler)
    SystemClock_Config                       0x080053c5   Thumb Code   124  main.o(i.SystemClock_Config)
    SystemInit                               0x08005449   Thumb Code    66  system_stm32f4xx.o(i.SystemInit)
    TIM_Base_SetConfig                       0x0800549d   Thumb Code   156  stm32f4xx_hal_tim.o(i.TIM_Base_SetConfig)
    TIM_ETR_SetConfig                        0x08005565   Thumb Code    20  stm32f4xx_hal_tim.o(i.TIM_ETR_SetConfig)
    TIM_OC2_SetConfig                        0x080055e9   Thumb Code    98  stm32f4xx_hal_tim.o(i.TIM_OC2_SetConfig)
    USART3_IRQHandler                        0x08005a01   Thumb Code   156  remote_control.o(i.USART3_IRQHandler)
    USART6_IRQHandler                        0x08005ab5   Thumb Code   148  communicate.o(i.USART6_IRQHandler)
    UsageFault_Handler                       0x08005b5d   Thumb Code     2  stm32f4xx_it.o(i.UsageFault_Handler)
    __ARM_fpclassifyf                        0x08005b5f   Thumb Code    38  fpclassifyf.o(i.__ARM_fpclassifyf)
    __hardfp_asinf                           0x08005ba5   Thumb Code   258  asinf.o(i.__hardfp_asinf)
    __hardfp_atan2f                          0x08005cd1   Thumb Code   594  atan2f.o(i.__hardfp_atan2f)
    __hardfp_sqrt                            0x08005f7d   Thumb Code   122  sqrt.o(i.__hardfp_sqrt)
    __mathlib_flt_infnan                     0x08005ff7   Thumb Code     6  funder.o(i.__mathlib_flt_infnan)
    __mathlib_flt_infnan2                    0x08005ffd   Thumb Code     6  funder.o(i.__mathlib_flt_infnan2)
    __mathlib_flt_invalid                    0x08006005   Thumb Code    10  funder.o(i.__mathlib_flt_invalid)
    __mathlib_flt_underflow                  0x08006015   Thumb Code    10  funder.o(i.__mathlib_flt_underflow)
    aRGB_led_show                            0x08006025   Thumb Code    52  bsp_led.o(i.aRGB_led_show)
    bmi088_accel_init                        0x08006061   Thumb Code   292  bmi088driver.o(i.bmi088_accel_init)
    bmi088_accel_self_test                   0x08006189   Thumb Code   698  bmi088driver.o(i.bmi088_accel_self_test)
    bmi088_gyro_init                         0x08006449   Thumb Code   214  bmi088driver.o(i.bmi088_gyro_init)
    bmi088_gyro_self_test                    0x08006525   Thumb Code   202  bmi088driver.o(i.bmi088_gyro_self_test)
    can_filter_init                          0x080065f1   Thumb Code    80  bsp_can.o(i.can_filter_init)
    communicate_init                         0x08006649   Thumb Code    14  communicate.o(i.communicate_init)
    communicate_run                          0x08006657   Thumb Code     2  communicate.o(i.communicate_run)
    communicate_task                         0x08006659   Thumb Code    24  communicate_task.o(i.communicate_task)
    delay_init                               0x08006671   Thumb Code    26  bsp_delay.o(i.delay_init)
    delay_us                                 0x08006699   Thumb Code    48  bsp_delay.o(i.delay_us)
    get_amr_DM4310_measure                   0x080066cd   Thumb Code   160  can_receive.o(i.get_amr_DM4310_measure)
    get_angle                                0x08006771   Thumb Code   176  ins_task.o(i.get_angle)
    get_arm_GM2006_measure                   0x08006821   Thumb Code    38  can_receive.o(i.get_arm_GM2006_measure)
    get_upthrow_stick_motor_measure          0x08006847   Thumb Code    42  can_receive.o(i.get_upthrow_stick_motor_measure)
    imu_pwm_set                              0x08006981   Thumb Code     8  bsp_imu_pwm.o(i.imu_pwm_set)
    invSqrt                                  0x08006a09   Thumb Code    40  mahonyahrs.o(i.invSqrt)
    ist8310_GPIO_init                        0x08006a35   Thumb Code     2  ist8310driver_middleware.o(i.ist8310_GPIO_init)
    ist8310_IIC_read_muli_reg                0x08006a39   Thumb Code    22  ist8310driver_middleware.o(i.ist8310_IIC_read_muli_reg)
    ist8310_IIC_read_single_reg              0x08006a55   Thumb Code    32  ist8310driver_middleware.o(i.ist8310_IIC_read_single_reg)
    ist8310_IIC_write_single_reg             0x08006a79   Thumb Code    30  ist8310driver_middleware.o(i.ist8310_IIC_write_single_reg)
    ist8310_RST_H                            0x08006a9d   Thumb Code    10  ist8310driver_middleware.o(i.ist8310_RST_H)
    ist8310_RST_L                            0x08006aad   Thumb Code    10  ist8310driver_middleware.o(i.ist8310_RST_L)
    ist8310_com_init                         0x08006abd   Thumb Code     2  ist8310driver_middleware.o(i.ist8310_com_init)
    ist8310_delay_ms                         0x08006abf   Thumb Code     4  ist8310driver_middleware.o(i.ist8310_delay_ms)
    ist8310_init                             0x08006ac5   Thumb Code   122  ist8310driver.o(i.ist8310_init)
    ist8310_read_mag                         0x08006b45   Thumb Code    80  ist8310driver.o(i.ist8310_read_mag)
    led_RGB_flow_task                        0x08006b99   Thumb Code   272  led_flow_task.o(i.led_RGB_flow_task)
    main                                     0x08006cb1   Thumb Code    66  main.o(i.main)
    modefine_control_init                    0x08006d01   Thumb Code    12  modefine_control.o(i.modefine_control_init)
    osDelay                                  0x08006d11   Thumb Code    14  cmsis_os.o(i.osDelay)
    osKernelStart                            0x08006d1f   Thumb Code    10  cmsis_os.o(i.osKernelStart)
    osThreadCreate                           0x08006d29   Thumb Code    84  cmsis_os.o(i.osThreadCreate)
    pcTaskGetName                            0x08006d7d   Thumb Code    28  tasks.o(i.pcTaskGetName)
    pvPortMalloc                             0x0800754d   Thumb Code   210  heap_4.o(i.pvPortMalloc)
    pxPortInitialiseStack                    0x08007625   Thumb Code    40  port.o(i.pxPortInitialiseStack)
    remote_control_init                      0x08007651   Thumb Code    12  remote_control.o(i.remote_control_init)
    sqrtf                                    0x08007711   Thumb Code    62  sqrtf.o(i.sqrtf)
    test_task                                0x0800774f   Thumb Code     8  test_task.o(i.test_task)
    uint_to_float                            0x08007757   Thumb Code    40  uint_switch_float.o(i.uint_to_float)
    ulTaskNotifyTake                         0x08007781   Thumb Code    96  tasks.o(i.ulTaskNotifyTake)
    uxListRemove                             0x080077e9   Thumb Code    38  list.o(i.uxListRemove)
    vApplicationGetIdleTaskMemory            0x08007811   Thumb Code    16  freertos.o(i.vApplicationGetIdleTaskMemory)
    vApplicationGetTimerTaskMemory           0x08007825   Thumb Code    18  freertos.o(i.vApplicationGetTimerTaskMemory)
    vListInitialise                          0x0800783d   Thumb Code    22  list.o(i.vListInitialise)
    vListInitialiseItem                      0x08007853   Thumb Code     6  list.o(i.vListInitialiseItem)
    vListInsert                              0x08007859   Thumb Code    48  list.o(i.vListInsert)
    vListInsertEnd                           0x08007889   Thumb Code    24  list.o(i.vListInsertEnd)
    vPortEnterCritical                       0x080078a1   Thumb Code    54  port.o(i.vPortEnterCritical)
    vPortExitCritical                        0x080078e1   Thumb Code    34  port.o(i.vPortExitCritical)
    vPortFree                                0x08007909   Thumb Code    88  heap_4.o(i.vPortFree)
    vPortSetupTimerInterrupt                 0x08007965   Thumb Code    32  port.o(i.vPortSetupTimerInterrupt)
    vPortValidateInterruptPriority           0x08007989   Thumb Code    74  port.o(i.vPortValidateInterruptPriority)
    vQueueAddToRegistry                      0x080079dd   Thumb Code    34  queue.o(i.vQueueAddToRegistry)
    vQueueWaitForMessageRestricted           0x08007a05   Thumb Code    68  queue.o(i.vQueueWaitForMessageRestricted)
    vTaskDelay                               0x08007a49   Thumb Code    66  tasks.o(i.vTaskDelay)
    vTaskInternalSetTimeOutState             0x08007a95   Thumb Code    12  tasks.o(i.vTaskInternalSetTimeOutState)
    vTaskMissedYield                         0x08007aa5   Thumb Code     8  tasks.o(i.vTaskMissedYield)
    vTaskNotifyGiveFromISR                   0x08007ab1   Thumb Code   174  tasks.o(i.vTaskNotifyGiveFromISR)
    vTaskPlaceOnEventList                    0x08007b69   Thumb Code    44  tasks.o(i.vTaskPlaceOnEventList)
    vTaskPlaceOnEventListRestricted          0x08007b99   Thumb Code    52  tasks.o(i.vTaskPlaceOnEventListRestricted)
    vTaskStartScheduler                      0x08007bd1   Thumb Code   118  tasks.o(i.vTaskStartScheduler)
    vTaskSuspendAll                          0x08007c59   Thumb Code    10  tasks.o(i.vTaskSuspendAll)
    vTaskSwitchContext                       0x08007c69   Thumb Code    82  tasks.o(i.vTaskSwitchContext)
    xPortStartScheduler                      0x08007cc5   Thumb Code   222  port.o(i.xPortStartScheduler)
    xPortSysTickHandler                      0x08007db9   Thumb Code    38  port.o(i.xPortSysTickHandler)
    xQueueGenericCreateStatic                0x08007de5   Thumb Code   102  queue.o(i.xQueueGenericCreateStatic)
    xQueueGenericReset                       0x08007e4d   Thumb Code   132  queue.o(i.xQueueGenericReset)
    xQueueGenericSend                        0x08007ed5   Thumb Code   346  queue.o(i.xQueueGenericSend)
    xQueueGenericSendFromISR                 0x08008035   Thumb Code   188  queue.o(i.xQueueGenericSendFromISR)
    xQueueReceive                            0x080080f1   Thumb Code   308  queue.o(i.xQueueReceive)
    xTaskCheckForTimeOut                     0x08008229   Thumb Code   132  tasks.o(i.xTaskCheckForTimeOut)
    xTaskCreate                              0x080082b1   Thumb Code    90  tasks.o(i.xTaskCreate)
    xTaskCreateStatic                        0x0800830b   Thumb Code    86  tasks.o(i.xTaskCreateStatic)
    xTaskGetHandle                           0x08008361   Thumb Code   124  tasks.o(i.xTaskGetHandle)
    xTaskGetSchedulerState                   0x080083e5   Thumb Code    22  tasks.o(i.xTaskGetSchedulerState)
    xTaskGetTickCount                        0x08008401   Thumb Code     6  tasks.o(i.xTaskGetTickCount)
    xTaskIncrementTick                       0x0800840d   Thumb Code   192  tasks.o(i.xTaskIncrementTick)
    xTaskPriorityDisinherit                  0x080084d5   Thumb Code   144  tasks.o(i.xTaskPriorityDisinherit)
    xTaskRemoveFromEventList                 0x0800856d   Thumb Code   108  tasks.o(i.xTaskRemoveFromEventList)
    xTaskResumeAll                           0x080085e1   Thumb Code   182  tasks.o(i.xTaskResumeAll)
    xTimerCreateTimerTask                    0x080086a5   Thumb Code    78  timers.o(i.xTimerCreateTimerTask)
    xTimerGenericCommand                     0x08008705   Thumb Code    98  timers.o(i.xTimerGenericCommand)
    __aeabi_d2f                              0x0800876d   Thumb Code     0  d2f.o(x$fpl$d2f)
    _d2f                                     0x0800876d   Thumb Code    98  d2f.o(x$fpl$d2f)
    __fpl_dnaninf                            0x080087cf   Thumb Code   156  dnaninf.o(x$fpl$dnaninf)
    __fpl_dretinf                            0x0800886b   Thumb Code    12  dretinf.o(x$fpl$dretinf)
    _dsqrt                                   0x08008879   Thumb Code   404  dsqrt_umaal.o(x$fpl$dsqrt)
    __aeabi_f2d                              0x08008a11   Thumb Code     0  f2d.o(x$fpl$f2d)
    _f2d                                     0x08008a11   Thumb Code    86  f2d.o(x$fpl$f2d)
    __fpl_fnaninf                            0x08008a67   Thumb Code   140  fnaninf.o(x$fpl$fnaninf)
    _fp_init                                 0x08008af3   Thumb Code    10  fpinit.o(x$fpl$fpinit)
    __fplib_config_fpu_vfp                   0x08008afb   Thumb Code     0  fpinit.o(x$fpl$fpinit)
    __fplib_config_pureend_doubles           0x08008afb   Thumb Code     0  fpinit.o(x$fpl$fpinit)
    __fpl_fretinf                            0x08008afd   Thumb Code    10  fretinf.o(x$fpl$fretinf)
    __I$use$fp                               0x08008b06   Number         0  usenofp.o(x$fpl$usenofp)
    AHBPrescTable                            0x08008b80   Data          16  system_stm32f4xx.o(.constdata)
    APBPrescTable                            0x08008b90   Data           8  system_stm32f4xx.o(.constdata)
    Region$$Table$$Base                      0x08008be4   Number         0  anon$$obj.o(Region$$Table)
    Region$$Table$$Limit                     0x08008c04   Number         0  anon$$obj.o(Region$$Table)
    imuTaskHandle                            0x20000000   Data           4  freertos.o(.data)
    led_RGB_flow_handle                      0x20000004   Data           4  freertos.o(.data)
    communicate_task_handle                  0x20000008   Data           4  freertos.o(.data)
    testHandle                               0x2000000c   Data           4  freertos.o(.data)
    uwTickFreq                               0x20000014   Data           1  stm32f4xx_hal.o(.data)
    uwTickPrio                               0x20000018   Data           4  stm32f4xx_hal.o(.data)
    uwTick                                   0x2000001c   Data           4  stm32f4xx_hal.o(.data)
    SystemCoreClock                          0x20000020   Data           4  system_stm32f4xx.o(.data)
    pxCurrentTCB                             0x20000024   Data           4  tasks.o(.data)
    gyro_update_flag                         0x200000a8   Data           1  ins_task.o(.data)
    accel_update_flag                        0x200000a9   Data           1  ins_task.o(.data)
    accel_temp_update_flag                   0x200000aa   Data           1  ins_task.o(.data)
    mag_update_flag                          0x200000ab   Data           1  ins_task.o(.data)
    imu_start_dma_flag                       0x200000ac   Data           1  ins_task.o(.data)
    accel_temp_dma_tx_buf                    0x200000af   Data           4  ins_task.o(.data)
    accel_temp_dma_rx_buf                    0x200000bc   Data           4  ins_task.o(.data)
    gyro_dma_tx_buf                          0x200000c0   Data           8  ins_task.o(.data)
    gyro_dma_rx_buf                          0x200000c8   Data           8  ins_task.o(.data)
    accel_dma_tx_buf                         0x200000d0   Data           9  ins_task.o(.data)
    RGB_flow_color                           0x200000dc   Data          28  led_flow_task.o(.data)
    twoKp                                    0x200000f8   Data           4  mahonyahrs.o(.data)
    twoKi                                    0x200000fc   Data           4  mahonyahrs.o(.data)
    integralFBx                              0x20000100   Data           4  mahonyahrs.o(.data)
    integralFBy                              0x20000104   Data           4  mahonyahrs.o(.data)
    integralFBz                              0x20000108   Data           4  mahonyahrs.o(.data)
    BMI088_ACCEL_SEN                         0x2000010c   Data           4  bmi088driver.o(.data)
    BMI088_GYRO_SEN                          0x20000110   Data           4  bmi088driver.o(.data)
    rx_data                                  0x2000013c   Data           8  communicate.o(.data)
    hcan1                                    0x200007ec   Data          40  can.o(.bss)
    hcan2                                    0x20000814   Data          40  can.o(.bss)
    hi2c3                                    0x2000083c   Data          84  i2c.o(.bss)
    hspi1                                    0x20000890   Data          88  spi.o(.bss)
    hdma_spi1_rx                             0x200008e8   Data          96  spi.o(.bss)
    hdma_spi1_tx                             0x20000948   Data          96  spi.o(.bss)
    htim5                                    0x200009a8   Data          64  tim.o(.bss)
    htim10                                   0x200009e8   Data          64  tim.o(.bss)
    huart3                                   0x20000a28   Data          64  usart.o(.bss)
    huart6                                   0x20000a68   Data          64  usart.o(.bss)
    hdma_usart3_rx                           0x20000aa8   Data          96  usart.o(.bss)
    hdma_usart6_rx                           0x20000b08   Data          96  usart.o(.bss)
    xQueueRegistry                           0x20000b68   Data          64  queue.o(.bss)
    INS_quat                                 0x20006da8   Data          16  ins_task.o(.bss)
    INS_angle                                0x20006db8   Data          12  ins_task.o(.bss)
    accel_dma_rx_buf                         0x20006dc4   Data           9  ins_task.o(.bss)
    bmi088_real_data                         0x20006dd0   Data          36  ins_task.o(.bss)
    ist8310_real_data                        0x20006df4   Data          16  ins_task.o(.bss)
    rc_ctrl                                  0x20006e4c   Data          22  remote_control.o(.bss)
    mc_data                                  0x20006eaa   Data          80  modefine_control.o(.bss)
    mc                                       0x20006efa   Data          12  modefine_control.o(.bss)
    mc_last                                  0x20006f06   Data          12  modefine_control.o(.bss)
    can_receive                              0x20006f14   Data         360  communicate.o(.bss)
    rx_header                                0x2000707c   Data          28  communicate.o(.bss)
    __libspace_start                         0x20007098   Data          96  libspace.o(.bss)
    __temporary_stack_top$libspace           0x200070f8   Data           0  libspace.o(.bss)



==============================================================================

Memory Map of the image

  Image Entry point : 0x08000189

  Load Region LR_IROM1 (Base: 0x08000000, Size: 0x00008d48, Max: 0x00100000, ABSOLUTE, COMPRESSED[0x00008c64])

    Execution Region ER_IROM1 (Exec base: 0x08000000, Load base: 0x08000000, Size: 0x00008c04, Max: 0x00100000, ABSOLUTE)

    Exec Addr    Load Addr    Size         Type   Attr      Idx    E Section Name        Object

    0x08000000   0x08000000   0x00000188   Data   RO            3    RESET               startup_stm32f407xx.o
    0x08000188   0x08000188   0x00000008   Code   RO         6968  * !!!main             c_w.l(__main.o)
    0x08000190   0x08000190   0x00000034   Code   RO         7231    !!!scatter          c_w.l(__scatter.o)
    0x080001c4   0x080001c4   0x0000005a   Code   RO         7229    !!dczerorl2         c_w.l(__dczerorl2.o)
    0x0800021e   0x0800021e   0x00000002   PAD
    0x08000220   0x08000220   0x0000001c   Code   RO         7233    !!handler_zi        c_w.l(__scatter_zi.o)
    0x0800023c   0x0800023c   0x00000002   Code   RO         7100    .ARM.Collect$$libinit$$00000000  c_w.l(libinit.o)
    0x0800023e   0x0800023e   0x00000004   Code   RO         7109    .ARM.Collect$$libinit$$00000001  c_w.l(libinit2.o)
    0x08000242   0x08000242   0x00000000   Code   RO         7112    .ARM.Collect$$libinit$$00000004  c_w.l(libinit2.o)
    0x08000242   0x08000242   0x00000000   Code   RO         7115    .ARM.Collect$$libinit$$0000000A  c_w.l(libinit2.o)
    0x08000242   0x08000242   0x00000000   Code   RO         7117    .ARM.Collect$$libinit$$0000000C  c_w.l(libinit2.o)
    0x08000242   0x08000242   0x00000000   Code   RO         7119    .ARM.Collect$$libinit$$0000000E  c_w.l(libinit2.o)
    0x08000242   0x08000242   0x00000000   Code   RO         7122    .ARM.Collect$$libinit$$00000011  c_w.l(libinit2.o)
    0x08000242   0x08000242   0x00000000   Code   RO         7124    .ARM.Collect$$libinit$$00000013  c_w.l(libinit2.o)
    0x08000242   0x08000242   0x00000000   Code   RO         7126    .ARM.Collect$$libinit$$00000015  c_w.l(libinit2.o)
    0x08000242   0x08000242   0x00000000   Code   RO         7128    .ARM.Collect$$libinit$$00000017  c_w.l(libinit2.o)
    0x08000242   0x08000242   0x00000000   Code   RO         7130    .ARM.Collect$$libinit$$00000019  c_w.l(libinit2.o)
    0x08000242   0x08000242   0x00000000   Code   RO         7132    .ARM.Collect$$libinit$$0000001B  c_w.l(libinit2.o)
    0x08000242   0x08000242   0x00000000   Code   RO         7134    .ARM.Collect$$libinit$$0000001D  c_w.l(libinit2.o)
    0x08000242   0x08000242   0x00000000   Code   RO         7136    .ARM.Collect$$libinit$$0000001F  c_w.l(libinit2.o)
    0x08000242   0x08000242   0x00000000   Code   RO         7138    .ARM.Collect$$libinit$$00000021  c_w.l(libinit2.o)
    0x08000242   0x08000242   0x00000000   Code   RO         7140    .ARM.Collect$$libinit$$00000023  c_w.l(libinit2.o)
    0x08000242   0x08000242   0x00000000   Code   RO         7142    .ARM.Collect$$libinit$$00000025  c_w.l(libinit2.o)
    0x08000242   0x08000242   0x00000000   Code   RO         7146    .ARM.Collect$$libinit$$0000002C  c_w.l(libinit2.o)
    0x08000242   0x08000242   0x00000000   Code   RO         7148    .ARM.Collect$$libinit$$0000002E  c_w.l(libinit2.o)
    0x08000242   0x08000242   0x00000000   Code   RO         7150    .ARM.Collect$$libinit$$00000030  c_w.l(libinit2.o)
    0x08000242   0x08000242   0x00000000   Code   RO         7152    .ARM.Collect$$libinit$$00000032  c_w.l(libinit2.o)
    0x08000242   0x08000242   0x00000002   Code   RO         7153    .ARM.Collect$$libinit$$00000033  c_w.l(libinit2.o)
    0x08000244   0x08000244   0x00000002   Code   RO         7184    .ARM.Collect$$libshutdown$$00000000  c_w.l(libshutdown.o)
    0x08000246   0x08000246   0x00000000   Code   RO         7210    .ARM.Collect$$libshutdown$$00000002  c_w.l(libshutdown2.o)
    0x08000246   0x08000246   0x00000000   Code   RO         7212    .ARM.Collect$$libshutdown$$00000004  c_w.l(libshutdown2.o)
    0x08000246   0x08000246   0x00000000   Code   RO         7214    .ARM.Collect$$libshutdown$$00000006  c_w.l(libshutdown2.o)
    0x08000246   0x08000246   0x00000000   Code   RO         7217    .ARM.Collect$$libshutdown$$00000009  c_w.l(libshutdown2.o)
    0x08000246   0x08000246   0x00000000   Code   RO         7220    .ARM.Collect$$libshutdown$$0000000C  c_w.l(libshutdown2.o)
    0x08000246   0x08000246   0x00000000   Code   RO         7222    .ARM.Collect$$libshutdown$$0000000E  c_w.l(libshutdown2.o)
    0x08000246   0x08000246   0x00000000   Code   RO         7225    .ARM.Collect$$libshutdown$$00000011  c_w.l(libshutdown2.o)
    0x08000246   0x08000246   0x00000002   Code   RO         7226    .ARM.Collect$$libshutdown$$00000012  c_w.l(libshutdown2.o)
    0x08000248   0x08000248   0x00000000   Code   RO         7010    .ARM.Collect$$rtentry$$00000000  c_w.l(__rtentry.o)
    0x08000248   0x08000248   0x00000000   Code   RO         7061    .ARM.Collect$$rtentry$$00000002  c_w.l(__rtentry2.o)
    0x08000248   0x08000248   0x00000006   Code   RO         7073    .ARM.Collect$$rtentry$$00000004  c_w.l(__rtentry4.o)
    0x0800024e   0x0800024e   0x00000000   Code   RO         7063    .ARM.Collect$$rtentry$$00000009  c_w.l(__rtentry2.o)
    0x0800024e   0x0800024e   0x00000004   Code   RO         7064    .ARM.Collect$$rtentry$$0000000A  c_w.l(__rtentry2.o)
    0x08000252   0x08000252   0x00000000   Code   RO         7066    .ARM.Collect$$rtentry$$0000000C  c_w.l(__rtentry2.o)
    0x08000252   0x08000252   0x00000008   Code   RO         7067    .ARM.Collect$$rtentry$$0000000D  c_w.l(__rtentry2.o)
    0x0800025a   0x0800025a   0x00000002   Code   RO         7101    .ARM.Collect$$rtexit$$00000000  c_w.l(rtexit.o)
    0x0800025c   0x0800025c   0x00000000   Code   RO         7157    .ARM.Collect$$rtexit$$00000002  c_w.l(rtexit2.o)
    0x0800025c   0x0800025c   0x00000004   Code   RO         7158    .ARM.Collect$$rtexit$$00000003  c_w.l(rtexit2.o)
    0x08000260   0x08000260   0x00000006   Code   RO         7159    .ARM.Collect$$rtexit$$00000004  c_w.l(rtexit2.o)
    0x08000266   0x08000266   0x00000002   PAD
    0x08000268   0x08000268   0x000000be   Code   RO         5520    .emb_text           port.o
    0x08000326   0x08000326   0x00000002   PAD
    0x08000328   0x08000328   0x00000040   Code   RO            4    .text               startup_stm32f407xx.o
    0x08000368   0x08000368   0x000000ee   Code   RO         6952    .text               c_w.l(lludivv7m.o)
    0x08000456   0x08000456   0x0000003e   Code   RO         6954    .text               c_w.l(strlen.o)
    0x08000494   0x08000494   0x0000008a   Code   RO         6956    .text               c_w.l(rt_memcpy_v6.o)
    0x0800051e   0x0800051e   0x00000064   Code   RO         6958    .text               c_w.l(rt_memcpy_w.o)
    0x08000582   0x08000582   0x00000010   Code   RO         6962    .text               c_w.l(aeabi_memset.o)
    0x08000592   0x08000592   0x0000004e   Code   RO         6964    .text               c_w.l(rt_memclr_w.o)
    0x080005e0   0x080005e0   0x00000006   Code   RO         6966    .text               c_w.l(heapauxi.o)
    0x080005e6   0x080005e6   0x00000016   Code   RO         7015    .text               c_w.l(_rserrno.o)
    0x080005fc   0x080005fc   0x00000044   Code   RO         7017    .text               c_w.l(rt_memclr.o)
    0x08000640   0x08000640   0x00000008   Code   RO         7080    .text               c_w.l(rt_errno_addr_intlibspace.o)
    0x08000648   0x08000648   0x00000008   Code   RO         7084    .text               c_w.l(libspace.o)
    0x08000650   0x08000650   0x0000004a   Code   RO         7087    .text               c_w.l(sys_stackheap_outer.o)
    0x0800069a   0x0800069a   0x00000012   Code   RO         7089    .text               c_w.l(exit.o)
    0x080006ac   0x080006ac   0x0000000c   Code   RO         7154    .text               c_w.l(sys_exit.o)
    0x080006b8   0x080006b8   0x00000002   Code   RO         7173    .text               c_w.l(use_no_semi.o)
    0x080006ba   0x080006ba   0x00000000   Code   RO         7175    .text               c_w.l(indicate_semi.o)
    0x080006ba   0x080006ba   0x00000002   PAD
    0x080006bc   0x080006bc   0x00000020   Code   RO         5800    i.AHRS_init         ins_task.o
    0x080006dc   0x080006dc   0x00000010   Code   RO         5801    i.AHRS_update       ins_task.o
    0x080006ec   0x080006ec   0x00000010   Code   RO         6425    i.BMI088_ACCEL_NS_H  bmi088middleware.o
    0x080006fc   0x080006fc   0x00000010   Code   RO         6426    i.BMI088_ACCEL_NS_L  bmi088middleware.o
    0x0800070c   0x0800070c   0x00000002   Code   RO         6427    i.BMI088_GPIO_init  bmi088middleware.o
    0x0800070e   0x0800070e   0x00000002   PAD
    0x08000710   0x08000710   0x00000010   Code   RO         6428    i.BMI088_GYRO_NS_H  bmi088middleware.o
    0x08000720   0x08000720   0x00000010   Code   RO         6429    i.BMI088_GYRO_NS_L  bmi088middleware.o
    0x08000730   0x08000730   0x00000088   Code   RO         6289    i.BMI088_accel_read_over  bmi088driver.o
    0x080007b8   0x080007b8   0x00000002   Code   RO         6430    i.BMI088_com_init   bmi088middleware.o
    0x080007ba   0x080007ba   0x00000004   Code   RO         6431    i.BMI088_delay_ms   bmi088middleware.o
    0x080007be   0x080007be   0x00000004   Code   RO         6432    i.BMI088_delay_us   bmi088middleware.o
    0x080007c2   0x080007c2   0x00000002   PAD
    0x080007c4   0x080007c4   0x00000060   Code   RO         6290    i.BMI088_gyro_read_over  bmi088driver.o
    0x08000824   0x08000824   0x0000002e   Code   RO         6291    i.BMI088_init       bmi088driver.o
    0x08000852   0x08000852   0x00000002   PAD
    0x08000854   0x08000854   0x00000158   Code   RO         6292    i.BMI088_read       bmi088driver.o
    0x080009ac   0x080009ac   0x00000024   Code   RO         6295    i.BMI088_read_muli_reg  bmi088driver.o
    0x080009d0   0x080009d0   0x00000016   Code   RO         6296    i.BMI088_read_single_reg  bmi088driver.o
    0x080009e6   0x080009e6   0x00000002   PAD
    0x080009e8   0x080009e8   0x00000020   Code   RO         6433    i.BMI088_read_write_byte  bmi088middleware.o
    0x08000a08   0x08000a08   0x0000002e   Code   RO         6297    i.BMI088_temperature_read_over  bmi088driver.o
    0x08000a36   0x08000a36   0x00000012   Code   RO         6298    i.BMI088_write_single_reg  bmi088driver.o
    0x08000a48   0x08000a48   0x00000002   Code   RO          588    i.BusFault_Handler  stm32f4xx_it.o
    0x08000a4a   0x08000a4a   0x00000002   PAD
    0x08000a4c   0x08000a4c   0x0000000c   Code   RO          589    i.CAN1_RX0_IRQHandler  stm32f4xx_it.o
    0x08000a58   0x08000a58   0x0000000c   Code   RO          590    i.CAN2_RX0_IRQHandler  stm32f4xx_it.o
    0x08000a64   0x08000a64   0x00000004   Code   RO         6826    i.Can_receive_init  can_receive.o
    0x08000a68   0x08000a68   0x0000000c   Code   RO          591    i.DMA1_Stream1_IRQHandler  stm32f4xx_it.o
    0x08000a74   0x08000a74   0x0000000c   Code   RO          592    i.DMA2_Stream1_IRQHandler  stm32f4xx_it.o
    0x08000a80   0x08000a80   0x000002d4   Code   RO         5802    i.DMA2_Stream2_IRQHandler  ins_task.o
    0x08000d54   0x08000d54   0x00000028   Code   RO         1417    i.DMA_CalcBaseAndBitshift  stm32f4xx_hal_dma.o
    0x08000d7c   0x08000d7c   0x00000054   Code   RO         1418    i.DMA_CheckFifoParam  stm32f4xx_hal_dma.o
    0x08000dd0   0x08000dd0   0x00000002   Code   RO          593    i.DebugMon_Handler  stm32f4xx_it.o
    0x08000dd2   0x08000dd2   0x00000006   Code   RO          594    i.EXTI0_IRQHandler  stm32f4xx_it.o
    0x08000dd8   0x08000dd8   0x00000006   Code   RO          595    i.EXTI3_IRQHandler  stm32f4xx_it.o
    0x08000dde   0x08000dde   0x00000006   Code   RO          596    i.EXTI4_IRQHandler  stm32f4xx_it.o
    0x08000de4   0x08000de4   0x00000006   Code   RO          597    i.EXTI9_5_IRQHandler  stm32f4xx_it.o
    0x08000dea   0x08000dea   0x00000002   Code   RO           13    i.Error_Handler     main.o
    0x08000dec   0x08000dec   0x00000024   Code   RO          725    i.HAL_CAN_ActivateNotification  stm32f4xx_hal_can.o
    0x08000e10   0x08000e10   0x0000010c   Code   RO          727    i.HAL_CAN_ConfigFilter  stm32f4xx_hal_can.o
    0x08000f1c   0x08000f1c   0x00000002   Code   RO          730    i.HAL_CAN_ErrorCallback  stm32f4xx_hal_can.o
    0x08000f1e   0x08000f1e   0x000000e8   Code   RO          733    i.HAL_CAN_GetRxMessage  stm32f4xx_hal_can.o
    0x08001006   0x08001006   0x000001fc   Code   RO          737    i.HAL_CAN_IRQHandler  stm32f4xx_hal_can.o
    0x08001202   0x08001202   0x0000011a   Code   RO          738    i.HAL_CAN_Init      stm32f4xx_hal_can.o
    0x0800131c   0x0800131c   0x000000fc   Code   RO          330    i.HAL_CAN_MspInit   can.o
    0x08001418   0x08001418   0x00000002   Code   RO          745    i.HAL_CAN_RxFifo0FullCallback  stm32f4xx_hal_can.o
    0x0800141a   0x0800141a   0x00000002   PAD
    0x0800141c   0x0800141c   0x000000c8   Code   RO         6765    i.HAL_CAN_RxFifo0MsgPendingCallback  communicate.o
    0x080014e4   0x080014e4   0x00000002   Code   RO          747    i.HAL_CAN_RxFifo1FullCallback  stm32f4xx_hal_can.o
    0x080014e6   0x080014e6   0x00000002   Code   RO          748    i.HAL_CAN_RxFifo1MsgPendingCallback  stm32f4xx_hal_can.o
    0x080014e8   0x080014e8   0x00000002   Code   RO          749    i.HAL_CAN_SleepCallback  stm32f4xx_hal_can.o
    0x080014ea   0x080014ea   0x00000002   PAD
    0x080014ec   0x080014ec   0x00000058   Code   RO          750    i.HAL_CAN_Start     stm32f4xx_hal_can.o
    0x08001544   0x08001544   0x00000002   Code   RO          752    i.HAL_CAN_TxMailbox0AbortCallback  stm32f4xx_hal_can.o
    0x08001546   0x08001546   0x00000002   Code   RO          753    i.HAL_CAN_TxMailbox0CompleteCallback  stm32f4xx_hal_can.o
    0x08001548   0x08001548   0x00000002   Code   RO          754    i.HAL_CAN_TxMailbox1AbortCallback  stm32f4xx_hal_can.o
    0x0800154a   0x0800154a   0x00000002   Code   RO          755    i.HAL_CAN_TxMailbox1CompleteCallback  stm32f4xx_hal_can.o
    0x0800154c   0x0800154c   0x00000002   Code   RO          756    i.HAL_CAN_TxMailbox2AbortCallback  stm32f4xx_hal_can.o
    0x0800154e   0x0800154e   0x00000002   Code   RO          757    i.HAL_CAN_TxMailbox2CompleteCallback  stm32f4xx_hal_can.o
    0x08001550   0x08001550   0x00000002   Code   RO          759    i.HAL_CAN_WakeUpFromRxMsgCallback  stm32f4xx_hal_can.o
    0x08001552   0x08001552   0x00000002   PAD
    0x08001554   0x08001554   0x000001a0   Code   RO         1425    i.HAL_DMA_IRQHandler  stm32f4xx_hal_dma.o
    0x080016f4   0x080016f4   0x000000d4   Code   RO         1426    i.HAL_DMA_Init      stm32f4xx_hal_dma.o
    0x080017c8   0x080017c8   0x000000a0   Code   RO         5803    i.HAL_GPIO_EXTI_Callback  ins_task.o
    0x08001868   0x08001868   0x00000018   Code   RO         1312    i.HAL_GPIO_EXTI_IRQHandler  stm32f4xx_hal_gpio.o
    0x08001880   0x08001880   0x000001b0   Code   RO         1313    i.HAL_GPIO_Init     stm32f4xx_hal_gpio.o
    0x08001a30   0x08001a30   0x0000000a   Code   RO         1317    i.HAL_GPIO_WritePin  stm32f4xx_hal_gpio.o
    0x08001a3a   0x08001a3a   0x00000002   PAD
    0x08001a3c   0x08001a3c   0x0000000c   Code   RO         1845    i.HAL_GetTick       stm32f4xx_hal.o
    0x08001a48   0x08001a48   0x00000174   Code   RO         2098    i.HAL_I2C_Init      stm32f4xx_hal_i2c.o
    0x08001bbc   0x08001bbc   0x000001f8   Code   RO         2116    i.HAL_I2C_Mem_Read  stm32f4xx_hal_i2c.o
    0x08001db4   0x08001db4   0x00000130   Code   RO         2119    i.HAL_I2C_Mem_Write  stm32f4xx_hal_i2c.o
    0x08001ee4   0x08001ee4   0x00000088   Code   RO          403    i.HAL_I2C_MspInit   i2c.o
    0x08001f6c   0x08001f6c   0x00000010   Code   RO         1851    i.HAL_IncTick       stm32f4xx_hal.o
    0x08001f7c   0x08001f7c   0x00000034   Code   RO         1852    i.HAL_Init          stm32f4xx_hal.o
    0x08001fb0   0x08001fb0   0x00000040   Code   RO         1853    i.HAL_InitTick      stm32f4xx_hal.o
    0x08001ff0   0x08001ff0   0x00000038   Code   RO          700    i.HAL_MspInit       stm32f4xx_hal_msp.o
    0x08002028   0x08002028   0x0000001a   Code   RO         1702    i.HAL_NVIC_EnableIRQ  stm32f4xx_hal_cortex.o
    0x08002042   0x08002042   0x00000002   PAD
    0x08002044   0x08002044   0x00000040   Code   RO         1708    i.HAL_NVIC_SetPriority  stm32f4xx_hal_cortex.o
    0x08002084   0x08002084   0x00000024   Code   RO         1709    i.HAL_NVIC_SetPriorityGrouping  stm32f4xx_hal_cortex.o
    0x080020a8   0x080020a8   0x00000130   Code   RO          959    i.HAL_RCC_ClockConfig  stm32f4xx_hal_rcc.o
    0x080021d8   0x080021d8   0x00000020   Code   RO          966    i.HAL_RCC_GetPCLK1Freq  stm32f4xx_hal_rcc.o
    0x080021f8   0x080021f8   0x00000020   Code   RO          967    i.HAL_RCC_GetPCLK2Freq  stm32f4xx_hal_rcc.o
    0x08002218   0x08002218   0x00000064   Code   RO          968    i.HAL_RCC_GetSysClockFreq  stm32f4xx_hal_rcc.o
    0x0800227c   0x0800227c   0x0000031c   Code   RO          971    i.HAL_RCC_OscConfig  stm32f4xx_hal_rcc.o
    0x08002598   0x08002598   0x00000080   Code   RO         2538    i.HAL_SPI_Init      stm32f4xx_hal_spi.o
    0x08002618   0x08002618   0x000000fc   Code   RO          445    i.HAL_SPI_MspInit   spi.o
    0x08002714   0x08002714   0x000001e2   Code   RO         2547    i.HAL_SPI_TransmitReceive  stm32f4xx_hal_spi.o
    0x080028f6   0x080028f6   0x00000028   Code   RO         1713    i.HAL_SYSTICK_Config  stm32f4xx_hal_cortex.o
    0x0800291e   0x0800291e   0x00000042   Code   RO         3544    i.HAL_TIMEx_MasterConfigSynchronization  stm32f4xx_hal_tim_ex.o
    0x08002960   0x08002960   0x00000036   Code   RO         2851    i.HAL_TIM_Base_Init  stm32f4xx_hal_tim.o
    0x08002996   0x08002996   0x00000002   PAD
    0x08002998   0x08002998   0x00000044   Code   RO          487    i.HAL_TIM_Base_MspInit  tim.o
    0x080029dc   0x080029dc   0x000000d6   Code   RO         2860    i.HAL_TIM_ConfigClockSource  stm32f4xx_hal_tim.o
    0x08002ab2   0x08002ab2   0x00000002   PAD
    0x08002ab4   0x08002ab4   0x00000084   Code   RO          488    i.HAL_TIM_MspPostInit  tim.o
    0x08002b38   0x08002b38   0x000000d0   Code   RO         2918    i.HAL_TIM_PWM_ConfigChannel  stm32f4xx_hal_tim.o
    0x08002c08   0x08002c08   0x00000036   Code   RO         2921    i.HAL_TIM_PWM_Init  stm32f4xx_hal_tim.o
    0x08002c3e   0x08002c3e   0x00000002   Code   RO         2923    i.HAL_TIM_PWM_MspInit  stm32f4xx_hal_tim.o
    0x08002c40   0x08002c40   0x00000062   Code   RO         3802    i.HAL_UART_Init     stm32f4xx_hal_uart.o
    0x08002ca2   0x08002ca2   0x00000002   PAD
    0x08002ca4   0x08002ca4   0x00000144   Code   RO          541    i.HAL_UART_MspInit  usart.o
    0x08002de8   0x08002de8   0x00000002   Code   RO          598    i.HardFault_Handler  stm32f4xx_it.o
    0x08002dea   0x08002dea   0x0000002e   Code   RO         2140    i.I2C_IsAcknowledgeFailed  stm32f4xx_hal_i2c.o
    0x08002e18   0x08002e18   0x000000e6   Code   RO         2149    i.I2C_RequestMemoryRead  stm32f4xx_hal_i2c.o
    0x08002efe   0x08002efe   0x00000002   PAD
    0x08002f00   0x08002f00   0x00000094   Code   RO         2150    i.I2C_RequestMemoryWrite  stm32f4xx_hal_i2c.o
    0x08002f94   0x08002f94   0x0000004c   Code   RO         2153    i.I2C_WaitOnBTFFlagUntilTimeout  stm32f4xx_hal_i2c.o
    0x08002fe0   0x08002fe0   0x00000068   Code   RO         2154    i.I2C_WaitOnFlagUntilTimeout  stm32f4xx_hal_i2c.o
    0x08003048   0x08003048   0x00000096   Code   RO         2155    i.I2C_WaitOnMasterAddressFlagUntilTimeout  stm32f4xx_hal_i2c.o
    0x080030de   0x080030de   0x00000066   Code   RO         2156    i.I2C_WaitOnRXNEFlagUntilTimeout  stm32f4xx_hal_i2c.o
    0x08003144   0x08003144   0x0000004c   Code   RO         2157    i.I2C_WaitOnTXEFlagUntilTimeout  stm32f4xx_hal_i2c.o
    0x08003190   0x08003190   0x0000012c   Code   RO         5804    i.INS_task          ins_task.o
    0x080032bc   0x080032bc   0x00000060   Code   RO         6686    i.MC_init           mc.o
    0x0800331c   0x0800331c   0x00000048   Code   RO         6723    i.MC_unpack         modefine_control.o
    0x08003364   0x08003364   0x00000044   Code   RO          331    i.MX_CAN1_Init      can.o
    0x080033a8   0x080033a8   0x00000044   Code   RO          332    i.MX_CAN2_Init      can.o
    0x080033ec   0x080033ec   0x0000006c   Code   RO          378    i.MX_DMA_Init       dma.o
    0x08003458   0x08003458   0x00000068   Code   RO          261    i.MX_FREERTOS_Init  freertos.o
    0x080034c0   0x080034c0   0x00000160   Code   RO          237    i.MX_GPIO_Init      gpio.o
    0x08003620   0x08003620   0x00000040   Code   RO          404    i.MX_I2C3_Init      i2c.o
    0x08003660   0x08003660   0x00000048   Code   RO          446    i.MX_SPI1_Init      spi.o
    0x080036a8   0x080036a8   0x00000064   Code   RO          489    i.MX_TIM10_Init     tim.o
    0x0800370c   0x0800370c   0x000000b8   Code   RO          490    i.MX_TIM5_Init      tim.o
    0x080037c4   0x080037c4   0x00000040   Code   RO          542    i.MX_USART3_UART_Init  usart.o
    0x08003804   0x08003804   0x00000038   Code   RO          543    i.MX_USART6_UART_Init  usart.o
    0x0800383c   0x0800383c   0x00000354   Code   RO         6135    i.MahonyAHRSupdate  mahonyahrs.o
    0x08003b90   0x08003b90   0x000001e4   Code   RO         6136    i.MahonyAHRSupdateIMU  mahonyahrs.o
    0x08003d74   0x08003d74   0x00000002   Code   RO          599    i.MemManage_Handler  stm32f4xx_it.o
    0x08003d76   0x08003d76   0x00000002   Code   RO          600    i.NMI_Handler       stm32f4xx_it.o
    0x08003d78   0x08003d78   0x00000128   Code   RO         6250    i.PID_calc          pid.o
    0x08003ea0   0x08003ea0   0x0000005c   Code   RO         6252    i.PID_init          pid.o
    0x08003efc   0x08003efc   0x00000060   Code   RO         6658    i.RC_init           bsp_rc.o
    0x08003f5c   0x08003f5c   0x00001274   Code   RO         5766    i.SPI1_DMA_enable   bsp_spi.o
    0x080051d0   0x080051d0   0x000000f0   Code   RO         5767    i.SPI1_DMA_init     bsp_spi.o
    0x080052c0   0x080052c0   0x00000058   Code   RO         2576    i.SPI_EndRxTxTransaction  stm32f4xx_hal_spi.o
    0x08005318   0x08005318   0x00000094   Code   RO         2581    i.SPI_WaitFlagStateUntilTimeout  stm32f4xx_hal_spi.o
    0x080053ac   0x080053ac   0x00000018   Code   RO          601    i.SysTick_Handler   stm32f4xx_it.o
    0x080053c4   0x080053c4   0x00000084   Code   RO           14    i.SystemClock_Config  main.o
    0x08005448   0x08005448   0x00000054   Code   RO         4104    i.SystemInit        system_stm32f4xx.o
    0x0800549c   0x0800549c   0x000000c8   Code   RO         2939    i.TIM_Base_SetConfig  stm32f4xx_hal_tim.o
    0x08005564   0x08005564   0x00000014   Code   RO         2950    i.TIM_ETR_SetConfig  stm32f4xx_hal_tim.o
    0x08005578   0x08005578   0x00000010   Code   RO         2951    i.TIM_ITRx_SetConfig  stm32f4xx_hal_tim.o
    0x08005588   0x08005588   0x00000060   Code   RO         2952    i.TIM_OC1_SetConfig  stm32f4xx_hal_tim.o
    0x080055e8   0x080055e8   0x0000006c   Code   RO         2953    i.TIM_OC2_SetConfig  stm32f4xx_hal_tim.o
    0x08005654   0x08005654   0x00000068   Code   RO         2954    i.TIM_OC3_SetConfig  stm32f4xx_hal_tim.o
    0x080056bc   0x080056bc   0x00000050   Code   RO         2955    i.TIM_OC4_SetConfig  stm32f4xx_hal_tim.o
    0x0800570c   0x0800570c   0x00000022   Code   RO         2957    i.TIM_TI1_ConfigInputStage  stm32f4xx_hal_tim.o
    0x0800572e   0x0800572e   0x00000024   Code   RO         2959    i.TIM_TI2_ConfigInputStage  stm32f4xx_hal_tim.o
    0x08005752   0x08005752   0x00000002   PAD
    0x08005754   0x08005754   0x000002ac   Code   RO         3828    i.UART_SetConfig    stm32f4xx_hal_uart.o
    0x08005a00   0x08005a00   0x000000b4   Code   RO         6609    i.USART3_IRQHandler  remote_control.o
    0x08005ab4   0x08005ab4   0x000000a8   Code   RO         6766    i.USART6_IRQHandler  communicate.o
    0x08005b5c   0x08005b5c   0x00000002   Code   RO          602    i.UsageFault_Handler  stm32f4xx_it.o
    0x08005b5e   0x08005b5e   0x00000026   Code   RO         7032    i.__ARM_fpclassifyf  m_wm.l(fpclassifyf.o)
    0x08005b84   0x08005b84   0x00000020   Code   RO         1715    i.__NVIC_SetPriority  stm32f4xx_hal_cortex.o
    0x08005ba4   0x08005ba4   0x0000012c   Code   RO         6974    i.__hardfp_asinf    m_wm.l(asinf.o)
    0x08005cd0   0x08005cd0   0x000002ac   Code   RO         6986    i.__hardfp_atan2f   m_wm.l(atan2f.o)
    0x08005f7c   0x08005f7c   0x0000007a   Code   RO         6998    i.__hardfp_sqrt     m_wm.l(sqrt.o)
    0x08005ff6   0x08005ff6   0x00000006   Code   RO         7035    i.__mathlib_flt_infnan  m_wm.l(funder.o)
    0x08005ffc   0x08005ffc   0x00000006   Code   RO         7036    i.__mathlib_flt_infnan2  m_wm.l(funder.o)
    0x08006002   0x08006002   0x00000002   PAD
    0x08006004   0x08006004   0x00000010   Code   RO         7037    i.__mathlib_flt_invalid  m_wm.l(funder.o)
    0x08006014   0x08006014   0x00000010   Code   RO         7040    i.__mathlib_flt_underflow  m_wm.l(funder.o)
    0x08006024   0x08006024   0x0000003c   Code   RO         5737    i.aRGB_led_show     bsp_led.o
    0x08006060   0x08006060   0x00000128   Code   RO         6299    i.bmi088_accel_init  bmi088driver.o
    0x08006188   0x08006188   0x000002c0   Code   RO         6300    i.bmi088_accel_self_test  bmi088driver.o
    0x08006448   0x08006448   0x000000dc   Code   RO         6301    i.bmi088_gyro_init  bmi088driver.o
    0x08006524   0x08006524   0x000000ca   Code   RO         6302    i.bmi088_gyro_self_test  bmi088driver.o
    0x080065ee   0x080065ee   0x00000002   PAD
    0x080065f0   0x080065f0   0x00000058   Code   RO         6928    i.can_filter_init   bsp_can.o
    0x08006648   0x08006648   0x0000000e   Code   RO         6767    i.communicate_init  communicate.o
    0x08006656   0x08006656   0x00000002   Code   RO         6768    i.communicate_run   communicate.o
    0x08006658   0x08006658   0x00000018   Code   RO         6073    i.communicate_task  communicate_task.o
    0x08006670   0x08006670   0x00000028   Code   RO         5600    i.delay_init        bsp_delay.o
    0x08006698   0x08006698   0x00000034   Code   RO         5602    i.delay_us          bsp_delay.o
    0x080066cc   0x080066cc   0x000000a4   Code   RO         6830    i.get_amr_DM4310_measure  can_receive.o
    0x08006770   0x08006770   0x000000b0   Code   RO         5805    i.get_angle         ins_task.o
    0x08006820   0x08006820   0x00000026   Code   RO         6831    i.get_arm_GM2006_measure  can_receive.o
    0x08006846   0x08006846   0x0000002a   Code   RO         6835    i.get_upthrow_stick_motor_measure  can_receive.o
    0x08006870   0x08006870   0x00000110   Code   RO         5806    i.imu_cmd_spi_dma   ins_task.o
    0x08006980   0x08006980   0x0000000c   Code   RO         5709    i.imu_pwm_set       bsp_imu_pwm.o
    0x0800698c   0x0800698c   0x0000007c   Code   RO         5807    i.imu_temp_control  ins_task.o
    0x08006a08   0x08006a08   0x0000002c   Code   RO         6137    i.invSqrt           mahonyahrs.o
    0x08006a34   0x08006a34   0x00000002   Code   RO         6530    i.ist8310_GPIO_init  ist8310driver_middleware.o
    0x08006a36   0x08006a36   0x00000002   PAD
    0x08006a38   0x08006a38   0x0000001c   Code   RO         6531    i.ist8310_IIC_read_muli_reg  ist8310driver_middleware.o
    0x08006a54   0x08006a54   0x00000024   Code   RO         6532    i.ist8310_IIC_read_single_reg  ist8310driver_middleware.o
    0x08006a78   0x08006a78   0x00000024   Code   RO         6534    i.ist8310_IIC_write_single_reg  ist8310driver_middleware.o
    0x08006a9c   0x08006a9c   0x00000010   Code   RO         6535    i.ist8310_RST_H     ist8310driver_middleware.o
    0x08006aac   0x08006aac   0x00000010   Code   RO         6536    i.ist8310_RST_L     ist8310driver_middleware.o
    0x08006abc   0x08006abc   0x00000002   Code   RO         6537    i.ist8310_com_init  ist8310driver_middleware.o
    0x08006abe   0x08006abe   0x00000004   Code   RO         6538    i.ist8310_delay_ms  ist8310driver_middleware.o
    0x08006ac2   0x08006ac2   0x00000002   PAD
    0x08006ac4   0x08006ac4   0x00000080   Code   RO         6495    i.ist8310_init      ist8310driver.o
    0x08006b44   0x08006b44   0x00000054   Code   RO         6496    i.ist8310_read_mag  ist8310driver.o
    0x08006b98   0x08006b98   0x00000118   Code   RO         5987    i.led_RGB_flow_task  led_flow_task.o
    0x08006cb0   0x08006cb0   0x00000042   Code   RO           15    i.main              main.o
    0x08006cf2   0x08006cf2   0x0000000c   Code   RO         5092    i.makeFreeRtosPriority  cmsis_os.o
    0x08006cfe   0x08006cfe   0x00000002   PAD
    0x08006d00   0x08006d00   0x00000010   Code   RO         6726    i.modefine_control_init  modefine_control.o
    0x08006d10   0x08006d10   0x0000000e   Code   RO         5094    i.osDelay           cmsis_os.o
    0x08006d1e   0x08006d1e   0x0000000a   Code   RO         5097    i.osKernelStart     cmsis_os.o
    0x08006d28   0x08006d28   0x00000054   Code   RO         5131    i.osThreadCreate    cmsis_os.o
    0x08006d7c   0x08006d7c   0x00000020   Code   RO         4615    i.pcTaskGetName     tasks.o
    0x08006d9c   0x08006d9c   0x00000078   Code   RO         4616    i.prvAddCurrentTaskToDelayedList  tasks.o
    0x08006e14   0x08006e14   0x000000d0   Code   RO         4617    i.prvAddNewTaskToReadyList  tasks.o
    0x08006ee4   0x08006ee4   0x00000058   Code   RO         4949    i.prvCheckForValidListAndQueue  timers.o
    0x08006f3c   0x08006f3c   0x00000026   Code   RO         4282    i.prvCopyDataFromQueue  queue.o
    0x08006f62   0x08006f62   0x0000006c   Code   RO         4283    i.prvCopyDataToQueue  queue.o
    0x08006fce   0x08006fce   0x00000034   Code   RO         4618    i.prvDeleteTCB      tasks.o
    0x08007002   0x08007002   0x00000002   PAD
    0x08007004   0x08007004   0x0000004c   Code   RO         5471    i.prvHeapInit       heap_4.o
    0x08007050   0x08007050   0x00000060   Code   RO         4619    i.prvIdleTask       tasks.o
    0x080070b0   0x080070b0   0x00000016   Code   RO         4285    i.prvInitialiseNewQueue  queue.o
    0x080070c6   0x080070c6   0x000000a0   Code   RO         4620    i.prvInitialiseNewTask  tasks.o
    0x08007166   0x08007166   0x00000002   PAD
    0x08007168   0x08007168   0x0000004c   Code   RO         5472    i.prvInsertBlockIntoFreeList  heap_4.o
    0x080071b4   0x080071b4   0x00000038   Code   RO         4951    i.prvInsertTimerInActiveList  timers.o
    0x080071ec   0x080071ec   0x0000001c   Code   RO         4286    i.prvIsQueueEmpty   queue.o
    0x08007208   0x08007208   0x000000cc   Code   RO         4952    i.prvProcessReceivedCommands  timers.o
    0x080072d4   0x080072d4   0x000000b4   Code   RO         4953    i.prvProcessTimerOrBlockTask  timers.o
    0x08007388   0x08007388   0x00000020   Code   RO         4621    i.prvResetNextTaskUnblockTime  tasks.o
    0x080073a8   0x080073a8   0x00000028   Code   RO         4954    i.prvSampleTimeNow  timers.o
    0x080073d0   0x080073d0   0x00000056   Code   RO         4622    i.prvSearchForNameWithinSingleList  tasks.o
    0x08007426   0x08007426   0x00000002   PAD
    0x08007428   0x08007428   0x0000006c   Code   RO         4955    i.prvSwitchTimerLists  timers.o
    0x08007494   0x08007494   0x00000028   Code   RO         5521    i.prvTaskExitError  port.o
    0x080074bc   0x080074bc   0x00000024   Code   RO         4956    i.prvTimerTask      timers.o
    0x080074e0   0x080074e0   0x0000006a   Code   RO         4287    i.prvUnlockQueue    queue.o
    0x0800754a   0x0800754a   0x00000002   PAD
    0x0800754c   0x0800754c   0x000000d8   Code   RO         5473    i.pvPortMalloc      heap_4.o
    0x08007624   0x08007624   0x0000002c   Code   RO         5522    i.pxPortInitialiseStack  port.o
    0x08007650   0x08007650   0x00000010   Code   RO         6611    i.remote_control_init  remote_control.o
    0x08007660   0x08007660   0x000000b0   Code   RO         6612    i.sbus_to_rc        remote_control.o
    0x08007710   0x08007710   0x0000003e   Code   RO         7050    i.sqrtf             m_wm.l(sqrtf.o)
    0x0800774e   0x0800774e   0x00000008   Code   RO         6046    i.test_task         test_task.o
    0x08007756   0x08007756   0x00000028   Code   RO         6908    i.uint_to_float     uint_switch_float.o
    0x0800777e   0x0800777e   0x00000002   PAD
    0x08007780   0x08007780   0x00000068   Code   RO         4625    i.ulTaskNotifyTake  tasks.o
    0x080077e8   0x080077e8   0x00000026   Code   RO         4242    i.uxListRemove      list.o
    0x0800780e   0x0800780e   0x00000002   PAD
    0x08007810   0x08007810   0x00000014   Code   RO          263    i.vApplicationGetIdleTaskMemory  freertos.o
    0x08007824   0x08007824   0x00000018   Code   RO          264    i.vApplicationGetTimerTaskMemory  freertos.o
    0x0800783c   0x0800783c   0x00000016   Code   RO         4243    i.vListInitialise   list.o
    0x08007852   0x08007852   0x00000006   Code   RO         4244    i.vListInitialiseItem  list.o
    0x08007858   0x08007858   0x00000030   Code   RO         4245    i.vListInsert       list.o
    0x08007888   0x08007888   0x00000018   Code   RO         4246    i.vListInsertEnd    list.o
    0x080078a0   0x080078a0   0x00000040   Code   RO         5524    i.vPortEnterCritical  port.o
    0x080078e0   0x080078e0   0x00000028   Code   RO         5525    i.vPortExitCritical  port.o
    0x08007908   0x08007908   0x0000005c   Code   RO         5474    i.vPortFree         heap_4.o
    0x08007964   0x08007964   0x00000024   Code   RO         5526    i.vPortSetupTimerInterrupt  port.o
    0x08007988   0x08007988   0x00000054   Code   RO         5527    i.vPortValidateInterruptPriority  port.o
    0x080079dc   0x080079dc   0x00000028   Code   RO         4291    i.vQueueAddToRegistry  queue.o
    0x08007a04   0x08007a04   0x00000044   Code   RO         4294    i.vQueueWaitForMessageRestricted  queue.o
    0x08007a48   0x08007a48   0x0000004c   Code   RO         4631    i.vTaskDelay        tasks.o
    0x08007a94   0x08007a94   0x00000010   Code   RO         4635    i.vTaskInternalSetTimeOutState  tasks.o
    0x08007aa4   0x08007aa4   0x0000000c   Code   RO         4636    i.vTaskMissedYield  tasks.o
    0x08007ab0   0x08007ab0   0x000000b8   Code   RO         4637    i.vTaskNotifyGiveFromISR  tasks.o
    0x08007b68   0x08007b68   0x00000030   Code   RO         4638    i.vTaskPlaceOnEventList  tasks.o
    0x08007b98   0x08007b98   0x00000038   Code   RO         4639    i.vTaskPlaceOnEventListRestricted  tasks.o
    0x08007bd0   0x08007bd0   0x00000088   Code   RO         4646    i.vTaskStartScheduler  tasks.o
    0x08007c58   0x08007c58   0x00000010   Code   RO         4648    i.vTaskSuspendAll   tasks.o
    0x08007c68   0x08007c68   0x0000005c   Code   RO         4649    i.vTaskSwitchContext  tasks.o
    0x08007cc4   0x08007cc4   0x000000f4   Code   RO         5528    i.xPortStartScheduler  port.o
    0x08007db8   0x08007db8   0x0000002c   Code   RO         5529    i.xPortSysTickHandler  port.o
    0x08007de4   0x08007de4   0x00000066   Code   RO         4298    i.xQueueGenericCreateStatic  queue.o
    0x08007e4a   0x08007e4a   0x00000002   PAD
    0x08007e4c   0x08007e4c   0x00000088   Code   RO         4299    i.xQueueGenericReset  queue.o
    0x08007ed4   0x08007ed4   0x00000160   Code   RO         4300    i.xQueueGenericSend  queue.o
    0x08008034   0x08008034   0x000000bc   Code   RO         4301    i.xQueueGenericSendFromISR  queue.o
    0x080080f0   0x080080f0   0x00000138   Code   RO         4309    i.xQueueReceive     queue.o
    0x08008228   0x08008228   0x00000088   Code   RO         4651    i.xTaskCheckForTimeOut  tasks.o
    0x080082b0   0x080082b0   0x0000005a   Code   RO         4652    i.xTaskCreate       tasks.o
    0x0800830a   0x0800830a   0x00000056   Code   RO         4653    i.xTaskCreateStatic  tasks.o
    0x08008360   0x08008360   0x00000084   Code   RO         4657    i.xTaskGetHandle    tasks.o
    0x080083e4   0x080083e4   0x0000001c   Code   RO         4658    i.xTaskGetSchedulerState  tasks.o
    0x08008400   0x08008400   0x0000000c   Code   RO         4659    i.xTaskGetTickCount  tasks.o
    0x0800840c   0x0800840c   0x000000c8   Code   RO         4661    i.xTaskIncrementTick  tasks.o
    0x080084d4   0x080084d4   0x00000098   Code   RO         4664    i.xTaskPriorityDisinherit  tasks.o
    0x0800856c   0x0800856c   0x00000074   Code   RO         4666    i.xTaskRemoveFromEventList  tasks.o
    0x080085e0   0x080085e0   0x000000c4   Code   RO         4667    i.xTaskResumeAll    tasks.o
    0x080086a4   0x080086a4   0x00000060   Code   RO         4961    i.xTimerCreateTimerTask  timers.o
    0x08008704   0x08008704   0x00000068   Code   RO         4962    i.xTimerGenericCommand  timers.o
    0x0800876c   0x0800876c   0x00000062   Code   RO         6970    x$fpl$d2f           fz_wm.l(d2f.o)
    0x080087ce   0x080087ce   0x0000009c   Code   RO         7021    x$fpl$dnaninf       fz_wm.l(dnaninf.o)
    0x0800886a   0x0800886a   0x0000000c   Code   RO         7023    x$fpl$dretinf       fz_wm.l(dretinf.o)
    0x08008876   0x08008876   0x00000002   PAD
    0x08008878   0x08008878   0x00000198   Code   RO         7025    x$fpl$dsqrt         fz_wm.l(dsqrt_umaal.o)
    0x08008a10   0x08008a10   0x00000056   Code   RO         6972    x$fpl$f2d           fz_wm.l(f2d.o)
    0x08008a66   0x08008a66   0x0000008c   Code   RO         7027    x$fpl$fnaninf       fz_wm.l(fnaninf.o)
    0x08008af2   0x08008af2   0x0000000a   Code   RO         7169    x$fpl$fpinit        fz_wm.l(fpinit.o)
    0x08008afc   0x08008afc   0x0000000a   Code   RO         7029    x$fpl$fretinf       fz_wm.l(fretinf.o)
    0x08008b06   0x08008b06   0x00000000   Code   RO         7031    x$fpl$usenofp       fz_wm.l(usenofp.o)
    0x08008b06   0x08008b06   0x00000002   PAD
    0x08008b08   0x08008b08   0x00000070   Data   RO          266    .constdata          freertos.o
    0x08008b78   0x08008b78   0x00000008   Data   RO         1432    .constdata          stm32f4xx_hal_dma.o
    0x08008b80   0x08008b80   0x00000010   Data   RO         4105    .constdata          system_stm32f4xx.o
    0x08008b90   0x08008b90   0x00000008   Data   RO         4106    .constdata          system_stm32f4xx.o
    0x08008b98   0x08008b98   0x0000000c   Data   RO         5809    .constdata          ins_task.o
    0x08008ba4   0x08008ba4   0x00000012   Data   RO         6307    .constdata          bmi088driver.o
    0x08008bb6   0x08008bb6   0x0000000c   Data   RO         6498    .constdata          ist8310driver.o
    0x08008bc2   0x08008bc2   0x00000002   PAD
    0x08008bc4   0x08008bc4   0x0000001d   Data   RO          267    .conststring        freertos.o
    0x08008be1   0x08008be1   0x00000003   PAD
    0x08008be4   0x08008be4   0x00000020   Data   RO         7227    Region$$Table       anon$$obj.o


    Execution Region RW_IRAM2 (Exec base: 0x10000000, Load base: 0x08008c64, Size: 0x00000000, Max: 0x00010000, ABSOLUTE)

    **** No section assigned to this execution region ****


    Execution Region RW_IRAM1 (Exec base: 0x20000000, Load base: 0x08008c04, Size: 0x0000b0f8, Max: 0x00020000, ABSOLUTE, COMPRESSED[0x00000060])

    Exec Addr    Load Addr    Size         Type   Attr      Idx    E Section Name        Object

    0x20000000   COMPRESSED   0x00000010   Data   RW          268    .data               freertos.o
    0x20000010   COMPRESSED   0x00000004   Data   RW          334    .data               can.o
    0x20000014   COMPRESSED   0x0000000c   Data   RW         1859    .data               stm32f4xx_hal.o
    0x20000020   COMPRESSED   0x00000004   Data   RW         4107    .data               system_stm32f4xx.o
    0x20000024   COMPRESSED   0x0000003c   Data   RW         4670    .data               tasks.o
    0x20000060   COMPRESSED   0x00000014   Data   RW         4970    .data               timers.o
    0x20000074   COMPRESSED   0x00000018   Data   RW         5479    .data               heap_4.o
    0x2000008c   COMPRESSED   0x0000000c   Data   RW         5530    .data               port.o
    0x20000098   COMPRESSED   0x00000008   Data   RW         5603    .data               bsp_delay.o
    0x200000a0   COMPRESSED   0x00000008   Data   RW         5738    .data               bsp_led.o
    0x200000a8   COMPRESSED   0x00000031   Data   RW         5810    .data               ins_task.o
    0x200000d9   COMPRESSED   0x00000003   PAD
    0x200000dc   COMPRESSED   0x0000001c   Data   RW         5988    .data               led_flow_task.o
    0x200000f8   COMPRESSED   0x00000014   Data   RW         6138    .data               mahonyahrs.o
    0x2000010c   COMPRESSED   0x0000002c   Data   RW         6308    .data               bmi088driver.o
    0x20000138   COMPRESSED   0x00000002   Data   RW         6614    .data               remote_control.o
    0x2000013a   COMPRESSED   0x0000000a   Data   RW         6770    .data               communicate.o
    0x20000144        -       0x000006a8   Zero   RW          265    .bss                freertos.o
    0x200007ec        -       0x00000050   Zero   RW          333    .bss                can.o
    0x2000083c        -       0x00000054   Zero   RW          405    .bss                i2c.o
    0x20000890        -       0x00000118   Zero   RW          447    .bss                spi.o
    0x200009a8        -       0x00000080   Zero   RW          491    .bss                tim.o
    0x20000a28        -       0x00000140   Zero   RW          544    .bss                usart.o
    0x20000b68        -       0x00000040   Zero   RW         4312    .bss                queue.o
    0x20000ba8        -       0x000000f0   Zero   RW         4669    .bss                tasks.o
    0x20000c98        -       0x00000110   Zero   RW         4969    .bss                timers.o
    0x20000da8        -       0x00006000   Zero   RW         5478    .bss                heap_4.o
    0x20006da8        -       0x000000a4   Zero   RW         5808    .bss                ins_task.o
    0x20006e4c        -       0x0000005e   Zero   RW         6613    .bss                remote_control.o
    0x20006eaa        -       0x00000068   Zero   RW         6727    .bss                modefine_control.o
    0x20006f12   COMPRESSED   0x00000002   PAD
    0x20006f14        -       0x00000184   Zero   RW         6769    .bss                communicate.o
    0x20007098        -       0x00000060   Zero   RW         7085    .bss                c_w.l(libspace.o)
    0x200070f8        -       0x00002000   Zero   RW            2    HEAP                startup_stm32f407xx.o
    0x200090f8        -       0x00002000   Zero   RW            1    STACK               startup_stm32f407xx.o


==============================================================================

Image component sizes


      Code (inc. data)   RO Data    RW Data    ZI Data      Debug   Object Name

      2166         34         18         44          0      10539   bmi088driver.o
       108         28          0          0          0       4480   bmi088middleware.o
        88          8          0          0          0        562   bsp_can.o
        92         18          0          8          0     601592   bsp_delay.o
        12          4          0          0          0        482   bsp_imu_pwm.o
        60          8          0          8          0        600   bsp_led.o
        96         12          0          0          0        962   bsp_rc.o
      4964         74          0          0          0       2382   bsp_spi.o
       388         42          0          4         80       2354   can.o
       248          4          0          0          0       4223   can_receive.o
       120          0          0          0          0      22133   cmsis_os.o
       384         40          0         10        388       4654   communicate.o
        24          0          0          0          0        527   communicate_task.o
       108          4          0          0          0        782   dma.o
         0          0          0          0          0      17768   event_groups.o
       148         18        141         16       1704       7567   freertos.o
       352         26          0          0          0       1099   gpio.o
       460         24          0         24      24576       4683   heap_4.o
       200         32          0          0         84       1625   i2c.o
      1804        128         12         49        164     595605   ins_task.o
       212         10         12          0          0       2494   ist8310driver.o
       140         28          0          0          0       4899   ist8310driver_middleware.o
       280          8          0         28          0       1601   led_flow_task.o
       138          0          0          0          0       3458   list.o
      1380         40          0         20          0       3649   mahonyahrs.o
       200          8          0          0          0     741700   main.o
        96         12          0          0          0        982   mc.o
        88          8          0          0        104       2165   modefine_control.o
       388          8          0          0          0       2434   pid.o
       786         82          0         12          0      11765   port.o
      1500         20          0          0         64      14468   queue.o
       372         28          0          2         94       3996   remote_control.o
       324         34          0          0        280       1811   spi.o
        64         26        392          0      16384        828   startup_stm32f407xx.o
       144         24          0         12          0       3845   stm32f4xx_hal.o
      1438          6          0          0          0      12848   stm32f4xx_hal_can.o
       198         14          0          0          0      33859   stm32f4xx_hal_cortex.o
       752         16          8          0          0       4000   stm32f4xx_hal_dma.o
       466         50          0          0          0       2983   stm32f4xx_hal_gpio.o
      2112         44          0          0          0      12430   stm32f4xx_hal_i2c.o
        56          4          0          0          0        806   stm32f4xx_hal_msp.o
      1264         80          0          0          0       5052   stm32f4xx_hal_rcc.o
       846          8          0          0          0       4661   stm32f4xx_hal_spi.o
      1226         80          0          0          0      11136   stm32f4xx_hal_tim.o
        66          0          0          0          0       1292   stm32f4xx_hal_tim_ex.o
       782          8          0          0          0       1984   stm32f4xx_hal_uart.o
       108         24          0          0          0       6725   stm32f4xx_it.o
         0          0          0          0          0        396   stream_buffer.o
        84         18         24          4          0       1111   system_stm32f4xx.o
      2674        188          0         60        240      28401   tasks.o
         8          0          0          0          0        468   test_task.o
       484         50          0          0        128       2987   tim.o
       912         82          0         20        272      26151   timers.o
        40          0          0          0          0        736   uint_switch_float.o
       444         54          0          0        320       2457   usart.o

    ----------------------------------------------------------------------
     31948       1566        644        324      44884    2245197   Object Totals
         0          0         32          0          0          0   (incl. Generated)
        54          0          5          3          2          0   (incl. Padding)

    ----------------------------------------------------------------------

      Code (inc. data)   RO Data    RW Data    ZI Data      Debug   Library Member Name

        90          0          0          0          0          0   __dczerorl2.o
         8          0          0          0          0         68   __main.o
         0          0          0          0          0          0   __rtentry.o
        12          0          0          0          0          0   __rtentry2.o
         6          0          0          0          0          0   __rtentry4.o
        52          8          0          0          0          0   __scatter.o
        28          0          0          0          0          0   __scatter_zi.o
        22          0          0          0          0        100   _rserrno.o
        16          0          0          0          0         68   aeabi_memset.o
        18          0          0          0          0         80   exit.o
         6          0          0          0          0        152   heapauxi.o
         0          0          0          0          0          0   indicate_semi.o
         2          0          0          0          0          0   libinit.o
         6          0          0          0          0          0   libinit2.o
         2          0          0          0          0          0   libshutdown.o
         2          0          0          0          0          0   libshutdown2.o
         8          4          0          0         96         68   libspace.o
       238          0          0          0          0        100   lludivv7m.o
         8          4          0          0          0         68   rt_errno_addr_intlibspace.o
        68          0          0          0          0         68   rt_memclr.o
        78          0          0          0          0         80   rt_memclr_w.o
       138          0          0          0          0         68   rt_memcpy_v6.o
       100          0          0          0          0         80   rt_memcpy_w.o
         2          0          0          0          0          0   rtexit.o
        10          0          0          0          0          0   rtexit2.o
        62          0          0          0          0         76   strlen.o
        12          4          0          0          0         68   sys_exit.o
        74          0          0          0          0         80   sys_stackheap_outer.o
         2          0          0          0          0         68   use_no_semi.o
        98          4          0          0          0        140   d2f.o
       156          4          0          0          0        140   dnaninf.o
        12          0          0          0          0        116   dretinf.o
       408         56          0          0          0        168   dsqrt_umaal.o
        86          4          0          0          0        132   f2d.o
       140          4          0          0          0        132   fnaninf.o
        10          0          0          0          0        116   fpinit.o
        10          0          0          0          0        116   fretinf.o
         0          0          0          0          0          0   usenofp.o
       300         42          0          0          0        176   asinf.o
       684         90          0          0          0        208   atan2f.o
        38          0          0          0          0        116   fpclassifyf.o
        44         12          0          0          0        464   funder.o
       122          0          0          0          0        148   sqrt.o
        62          0          0          0          0        136   sqrtf.o

    ----------------------------------------------------------------------
      3252        236          0          0         96       3600   Library Totals
        12          0          0          0          0          0   (incl. Padding)

    ----------------------------------------------------------------------

      Code (inc. data)   RO Data    RW Data    ZI Data      Debug   Library Name

      1070         20          0          0         96       1292   c_w.l
       920         72          0          0          0       1060   fz_wm.l
      1250        144          0          0          0       1248   m_wm.l

    ----------------------------------------------------------------------
      3252        236          0          0         96       3600   Library Totals

    ----------------------------------------------------------------------

==============================================================================


      Code (inc. data)   RO Data    RW Data    ZI Data      Debug   

     35200       1802        644        324      44980    2222873   Grand Totals
     35200       1802        644         96      44980    2222873   ELF Image Totals (compressed)
     35200       1802        644         96          0          0   ROM Totals

==============================================================================

    Total RO  Size (Code + RO Data)                35844 (  35.00kB)
    Total RW  Size (RW Data + ZI Data)             45304 (  44.24kB)
    Total ROM Size (Code + RO Data + RW Data)      35940 (  35.10kB)

==============================================================================

